:***************************************************************************************************

:Программа Main

:Общая статистика

    :Всего переменных БД - 4
    :Всего переменных ВА - 0
    :Всего переменных АВ - 0
    :Всего переменных ВД - 0
    :Всего переменных ДВ - 0
    :Всего переменных РВ - 4
    :Всего внутренних переменных - 2
    :Всего переменных ПВ - 0
    :Всего переменных ПЦ - 0
    :Всего переменных ПЛ - 2
    :Всего переменных ТС - 0
    :Всего переменных ТМ - 0
    :Всего переменных ТЧ - 0
    :Всего глобальных переменных - 0
    :Всего локальных переменных - 0
    :Всего глобальных массивов - 0
    :Всего локальных массивов - 0
    :Всего глобальных констант - 16
    :Всего локальных констант - 0
    :Всего последовательностей - 0
    :Всего вызовов процедур - 4
    :Всего вызовов функций - 2

:Переменные БД

    :ВА - нет
    :АВ - нет
    :ВД - нет
    :ДВ - нет
    :РВ - 1, 8, 25, 26

:Внутренние переменные

    :ПВ - нет
    :ПЦ - нет
    :ПЛ - 13, 14
    :ТС - нет
    :ТМ - нет
    :ТЧ - нет

:Глобальные переменные

    :Cтр - нет
    :Вещ64 - нет
    :Вещ32 - нет
    :Цел64 - нет
    :Цел32 - нет
    :Цел16 - нет
    :Цел8 - нет
    :Лог - нет

:Локальные переменные

    :Cтр - нет
    :Вещ64 - нет
    :Вещ32 - нет
    :Цел64 - нет
    :Цел32 - нет
    :Цел16 - нет
    :Цел8 - нет
    :Лог - нет

:Глобальные массивы

    :Cтр - нет
    :Вещ64 - нет
    :Вещ32 - нет
    :Цел64 - нет
    :Цел32 - нет
    :Цел16 - нет
    :Цел8 - нет
    :Лог - нет

:Локальные массивы

    :Cтр - нет
    :Вещ64 - нет
    :Вещ32 - нет
    :Цел64 - нет
    :Цел32 - нет
    :Цел16 - нет
    :Цел8 - нет
    :Лог - нет

:Глобальные константы

    :Cтр - нет
    :Вещ64 - нет
    :Вещ32 - нет
    :Цел64 - нет
    :Цел32 - нет
    :Цел16 - GIDROLOCK_CRANE_MAX_DELAY_SWITCH_TIME = 1, GIDROLOCK_CRANE_MAX_SWITCH_TIME = 10, 
    :        SENSOR_TYPE_LIGHT = 10, SENSOR_TYPE_TEMP = 11, SENSOR_TYPE_WETNESS = 12, 
    :        STATE_GIDROLOCK_CRANE_AWAIT = 6, STATE_GIDROLOCK_CRANE_CLOSE = 0, 
    :        STATE_GIDROLOCK_CRANE_CLOSES = 4, STATE_GIDROLOCK_CRANE_ERROR = 3, 
    :        STATE_GIDROLOCK_CRANE_OPEN = 1, STATE_GIDROLOCK_CRANE_OPENS = 5, 
    :        STATE_GIDROLOCK_CRANE_UNDEFINED = 2
    :Цел8 - нет
    :Лог - CMD_GIDROLOCK_CRANE_CLOSE = 0, CMD_GIDROLOCK_CRANE_OPEN = 1, FALSE = 0, TRUE = 1

:Локальные константы

    :Cтр - нет
    :Вещ64 - нет
    :Вещ32 - нет
    :Цел64 - нет
    :Цел32 - нет
    :Цел16 - нет
    :Цел8 - нет
    :Лог - нет

:Вызовы процедур

    :Gidrolock_Monitoring
    :Gidrolock_OpcControl
    :Initialization_OnReboot
    :Msu24_Monitoring

:Вызовы функций

    :Gidrolock_CmdClose
    :Gidrolock_CmdOpen

:***************************************************************************************************

:Процедура Gidrolock_InitOnReboot

:Общая статистика

    :Всего переменных БД - 2
    :Всего переменных ВА - 0
    :Всего переменных АВ - 0
    :Всего переменных ВД - 0
    :Всего переменных ДВ - 0
    :Всего переменных РВ - 2
    :Всего внутренних переменных - 4
    :Всего переменных ПВ - 0
    :Всего переменных ПЦ - 0
    :Всего переменных ПЛ - 4
    :Всего переменных ТС - 0
    :Всего переменных ТМ - 0
    :Всего переменных ТЧ - 0
    :Всего глобальных переменных - 0
    :Всего локальных переменных - 2
    :Всего глобальных массивов - 0
    :Всего локальных массивов - 0
    :Всего глобальных констант - 16
    :Всего локальных констант - 0
    :Всего последовательностей - 4
    :Всего вызовов процедур - 0
    :Всего вызовов функций - 0

:Переменные БД

    :ВА - нет
    :АВ - нет
    :ВД - нет
    :ДВ - нет
    :РВ - 8, 10

:Внутренние переменные

    :ПВ - нет
    :ПЦ - нет
    :ПЛ - 13, 14, 16, 17
    :ТС - нет
    :ТМ - нет
    :ТЧ - нет

:Глобальные переменные

    :Cтр - нет
    :Вещ64 - нет
    :Вещ32 - нет
    :Цел64 - нет
    :Цел32 - нет
    :Цел16 - нет
    :Цел8 - нет
    :Лог - нет

:Локальные переменные

    :Cтр - нет
    :Вещ64 - нет
    :Вещ32 - нет
    :Цел64 - нет
    :Цел32 - нет
    :Цел16 - нет
    :Цел8 - нет
    :Лог - openCrane, closeCrane

:Глобальные массивы

    :Cтр - нет
    :Вещ64 - нет
    :Вещ32 - нет
    :Цел64 - нет
    :Цел32 - нет
    :Цел16 - нет
    :Цел8 - нет
    :Лог - нет

:Локальные массивы

    :Cтр - нет
    :Вещ64 - нет
    :Вещ32 - нет
    :Цел64 - нет
    :Цел32 - нет
    :Цел16 - нет
    :Цел8 - нет
    :Лог - нет

:Глобальные константы

    :Cтр - нет
    :Вещ64 - нет
    :Вещ32 - нет
    :Цел64 - нет
    :Цел32 - нет
    :Цел16 - GIDROLOCK_CRANE_MAX_DELAY_SWITCH_TIME = 1, GIDROLOCK_CRANE_MAX_SWITCH_TIME = 10, 
    :        SENSOR_TYPE_LIGHT = 10, SENSOR_TYPE_TEMP = 11, SENSOR_TYPE_WETNESS = 12, 
    :        STATE_GIDROLOCK_CRANE_AWAIT = 6, STATE_GIDROLOCK_CRANE_CLOSE = 0, 
    :        STATE_GIDROLOCK_CRANE_CLOSES = 4, STATE_GIDROLOCK_CRANE_ERROR = 3, 
    :        STATE_GIDROLOCK_CRANE_OPEN = 1, STATE_GIDROLOCK_CRANE_OPENS = 5, 
    :        STATE_GIDROLOCK_CRANE_UNDEFINED = 2
    :Цел8 - нет
    :Лог - CMD_GIDROLOCK_CRANE_CLOSE = 0, CMD_GIDROLOCK_CRANE_OPEN = 1, FALSE = 0, TRUE = 1

:Локальные константы

    :Cтр - нет
    :Вещ64 - нет
    :Вещ32 - нет
    :Цел64 - нет
    :Цел32 - нет
    :Цел16 - нет
    :Цел8 - нет
    :Лог - нет

:Последовательности

    :Имена - iMdbGidrolockCraneWireOpen, iMdbGidrolockCraneWireClose, iOpcGidrolockCraneCmd, 
    :        iMdbCraneId
    :iMdbGidrolockCraneWireOpen - [ 13, 16 ] всего элементов 2, iMdbGidrolockCraneWireClose - [ 14, 
    :                              17 ] всего элементов 2, iOpcGidrolockCraneCmd - [ 8, 10 ] всего 
    :                        элементов 2, iMdbCraneId - [ 12, 15 ] всего элементов 2

:***************************************************************************************************

:Процедура Gidrolock_Monitoring

:Общая статистика

    :Всего переменных БД - 4
    :Всего переменных ВА - 0
    :Всего переменных АВ - 0
    :Всего переменных ВД - 0
    :Всего переменных ДВ - 0
    :Всего переменных РВ - 4
    :Всего внутренних переменных - 6
    :Всего переменных ПВ - 0
    :Всего переменных ПЦ - 0
    :Всего переменных ПЛ - 6
    :Всего переменных ТС - 0
    :Всего переменных ТМ - 0
    :Всего переменных ТЧ - 0
    :Всего глобальных переменных - 0
    :Всего локальных переменных - 7
    :Всего глобальных массивов - 0
    :Всего локальных массивов - 0
    :Всего глобальных констант - 16
    :Всего локальных констант - 0
    :Всего последовательностей - 14
    :Всего вызовов процедур - 0
    :Всего вызовов функций - 1

:Переменные БД

    :ВА - нет
    :АВ - нет
    :ВД - нет
    :ДВ - нет
    :РВ - 8...11

:Внутренние переменные

    :ПВ - нет
    :ПЦ - нет
    :ПЛ - 12...17
    :ТС - нет
    :ТМ - нет
    :ТЧ - нет

:Глобальные переменные

    :Cтр - нет
    :Вещ64 - нет
    :Вещ32 - нет
    :Цел64 - нет
    :Цел32 - нет
    :Цел16 - нет
    :Цел8 - нет
    :Лог - нет

:Локальные переменные

    :Cтр - нет
    :Вещ64 - нет
    :Вещ32 - opcGidrolockCraneState, opcGidrolockCraneCmd
    :Цел64 - нет
    :Цел32 - нет
    :Цел16 - delayTmr, switchTmr
    :Цел8 - нет
    :Лог - openCrane, closeCrane, mdbCraneState

:Глобальные массивы

    :Cтр - нет
    :Вещ64 - нет
    :Вещ32 - нет
    :Цел64 - нет
    :Цел32 - нет
    :Цел16 - нет
    :Цел8 - нет
    :Лог - нет

:Локальные массивы

    :Cтр - нет
    :Вещ64 - нет
    :Вещ32 - нет
    :Цел64 - нет
    :Цел32 - нет
    :Цел16 - нет
    :Цел8 - нет
    :Лог - нет

:Глобальные константы

    :Cтр - нет
    :Вещ64 - нет
    :Вещ32 - нет
    :Цел64 - нет
    :Цел32 - нет
    :Цел16 - GIDROLOCK_CRANE_MAX_DELAY_SWITCH_TIME = 1, GIDROLOCK_CRANE_MAX_SWITCH_TIME = 10, 
    :        SENSOR_TYPE_LIGHT = 10, SENSOR_TYPE_TEMP = 11, SENSOR_TYPE_WETNESS = 12, 
    :        STATE_GIDROLOCK_CRANE_AWAIT = 6, STATE_GIDROLOCK_CRANE_CLOSE = 0, 
    :        STATE_GIDROLOCK_CRANE_CLOSES = 4, STATE_GIDROLOCK_CRANE_ERROR = 3, 
    :        STATE_GIDROLOCK_CRANE_OPEN = 1, STATE_GIDROLOCK_CRANE_OPENS = 5, 
    :        STATE_GIDROLOCK_CRANE_UNDEFINED = 2
    :Цел8 - нет
    :Лог - CMD_GIDROLOCK_CRANE_CLOSE = 0, CMD_GIDROLOCK_CRANE_OPEN = 1, FALSE = 0, TRUE = 1

:Локальные константы

    :Cтр - нет
    :Вещ64 - нет
    :Вещ32 - нет
    :Цел64 - нет
    :Цел32 - нет
    :Цел16 - нет
    :Цел8 - нет
    :Лог - нет

:Последовательности

    :Имена - iMdbGidrolockCraneWireOpen, iMdbGidrolockCraneWireClose, iOpcGidrolockCraneState, 
    :        iOpcGidrolockCraneCmd, iMdbCraneId, iTmrTsCraneChangeState, iTmrTsCraneDelayChangeState
    :        , iMdbGidrolockCraneWireOpen, iMdbGidrolockCraneWireClose, iOpcGidrolockCraneState, 
    :        iOpcGidrolockCraneCmd, iMdbCraneId, iTmrTsCraneChangeState, iTmrTsCraneDelayChangeState
    :iMdbGidrolockCraneWireOpen - [ 13 ] всего элементов 1, iMdbGidrolockCraneWireClose - [ 14 ] 
    :                              всего элементов 1, iOpcGidrolockCraneState - [ 9 ] всего 
    :                          элементов 1, iOpcGidrolockCraneCmd - [ 8 ] всего элементов 1, 
    :                        iMdbCraneId - [ 12 ] всего элементов 1, iTmrTsCraneChangeState - [ 5 ] 
    :                         всего элементов 1, iTmrTsCraneDelayChangeState - [ 6 ] всего 
    :                              элементов 1, iMdbGidrolockCraneWireOpen - [ 16 ] всего элементов 
    :                             1, iMdbGidrolockCraneWireClose - [ 17 ] всего элементов 1, 
    :                              iOpcGidrolockCraneState - [ 11 ] всего элементов 1, 
    :                          iOpcGidrolockCraneCmd - [ 10 ] всего элементов 1, iMdbCraneId - [ 15 
    :              ] всего элементов 1, iTmrTsCraneChangeState - [ 7 ] всего элементов 1, 
    :                         iTmrTsCraneDelayChangeState - [ 8 ] всего элементов 1

:Вызовы функций

    :_Gidrolock_Monitoring

:***************************************************************************************************

:Процедура Gidrolock_OpcControl

:Общая статистика

    :Всего переменных БД - 4
    :Всего переменных ВА - 0
    :Всего переменных АВ - 0
    :Всего переменных ВД - 0
    :Всего переменных ДВ - 0
    :Всего переменных РВ - 4
    :Всего внутренних переменных - 2
    :Всего переменных ПВ - 0
    :Всего переменных ПЦ - 0
    :Всего переменных ПЛ - 2
    :Всего переменных ТС - 0
    :Всего переменных ТМ - 0
    :Всего переменных ТЧ - 0
    :Всего глобальных переменных - 0
    :Всего локальных переменных - 1
    :Всего глобальных массивов - 0
    :Всего локальных массивов - 0
    :Всего глобальных констант - 16
    :Всего локальных констант - 0
    :Всего последовательностей - 6
    :Всего вызовов процедур - 0
    :Всего вызовов функций - 1

:Переменные БД

    :ВА - нет
    :АВ - нет
    :ВД - нет
    :ДВ - нет
    :РВ - 8...11

:Внутренние переменные

    :ПВ - нет
    :ПЦ - нет
    :ПЛ - 12, 15
    :ТС - нет
    :ТМ - нет
    :ТЧ - нет

:Глобальные переменные

    :Cтр - нет
    :Вещ64 - нет
    :Вещ32 - нет
    :Цел64 - нет
    :Цел32 - нет
    :Цел16 - нет
    :Цел8 - нет
    :Лог - нет

:Локальные переменные

    :Cтр - нет
    :Вещ64 - нет
    :Вещ32 - нет
    :Цел64 - нет
    :Цел32 - нет
    :Цел16 - нет
    :Цел8 - нет
    :Лог - cmdOpen

:Глобальные массивы

    :Cтр - нет
    :Вещ64 - нет
    :Вещ32 - нет
    :Цел64 - нет
    :Цел32 - нет
    :Цел16 - нет
    :Цел8 - нет
    :Лог - нет

:Локальные массивы

    :Cтр - нет
    :Вещ64 - нет
    :Вещ32 - нет
    :Цел64 - нет
    :Цел32 - нет
    :Цел16 - нет
    :Цел8 - нет
    :Лог - нет

:Глобальные константы

    :Cтр - нет
    :Вещ64 - нет
    :Вещ32 - нет
    :Цел64 - нет
    :Цел32 - нет
    :Цел16 - GIDROLOCK_CRANE_MAX_DELAY_SWITCH_TIME = 1, GIDROLOCK_CRANE_MAX_SWITCH_TIME = 10, 
    :        SENSOR_TYPE_LIGHT = 10, SENSOR_TYPE_TEMP = 11, SENSOR_TYPE_WETNESS = 12, 
    :        STATE_GIDROLOCK_CRANE_AWAIT = 6, STATE_GIDROLOCK_CRANE_CLOSE = 0, 
    :        STATE_GIDROLOCK_CRANE_CLOSES = 4, STATE_GIDROLOCK_CRANE_ERROR = 3, 
    :        STATE_GIDROLOCK_CRANE_OPEN = 1, STATE_GIDROLOCK_CRANE_OPENS = 5, 
    :        STATE_GIDROLOCK_CRANE_UNDEFINED = 2
    :Цел8 - нет
    :Лог - CMD_GIDROLOCK_CRANE_CLOSE = 0, CMD_GIDROLOCK_CRANE_OPEN = 1, FALSE = 0, TRUE = 1

:Локальные константы

    :Cтр - нет
    :Вещ64 - нет
    :Вещ32 - нет
    :Цел64 - нет
    :Цел32 - нет
    :Цел16 - нет
    :Цел8 - нет
    :Лог - нет

:Последовательности

    :Имена - iOpcGidrolockCraneCmd, iOpcGidrolockCraneState, iMdbCraneId, iOpcGidrolockCraneCmd, 
    :        iOpcGidrolockCraneState, iMdbCraneId
    :iOpcGidrolockCraneCmd - [ 8 ] всего элементов 1, iOpcGidrolockCraneState - [ 9 ] всего 
    :                          элементов 1, iMdbCraneId - [ 12 ] всего элементов 1, 
    :              iOpcGidrolockCraneCmd - [ 10 ] всего элементов 1, iOpcGidrolockCraneState - [ 11 
    :                          ] всего элементов 1, iMdbCraneId - [ 15 ] всего элементов 1

:Вызовы функций

    :_Gidrolock_OpcControl

:***************************************************************************************************

:Процедура Initialization_OnReboot

:Общая статистика

    :Всего переменных БД - 0
    :Всего переменных ВА - 0
    :Всего переменных АВ - 0
    :Всего переменных ВД - 0
    :Всего переменных ДВ - 0
    :Всего переменных РВ - 0
    :Всего внутренних переменных - 0
    :Всего переменных ПВ - 0
    :Всего переменных ПЦ - 0
    :Всего переменных ПЛ - 0
    :Всего переменных ТС - 0
    :Всего переменных ТМ - 0
    :Всего переменных ТЧ - 0
    :Всего глобальных переменных - 0
    :Всего локальных переменных - 0
    :Всего глобальных массивов - 0
    :Всего локальных массивов - 0
    :Всего глобальных констант - 16
    :Всего локальных констант - 0
    :Всего последовательностей - 0
    :Всего вызовов процедур - 1
    :Всего вызовов функций - 0

:Переменные БД

    :ВА - нет
    :АВ - нет
    :ВД - нет
    :ДВ - нет
    :РВ - нет

:Внутренние переменные

    :ПВ - нет
    :ПЦ - нет
    :ПЛ - нет
    :ТС - нет
    :ТМ - нет
    :ТЧ - нет

:Глобальные переменные

    :Cтр - нет
    :Вещ64 - нет
    :Вещ32 - нет
    :Цел64 - нет
    :Цел32 - нет
    :Цел16 - нет
    :Цел8 - нет
    :Лог - нет

:Локальные переменные

    :Cтр - нет
    :Вещ64 - нет
    :Вещ32 - нет
    :Цел64 - нет
    :Цел32 - нет
    :Цел16 - нет
    :Цел8 - нет
    :Лог - нет

:Глобальные массивы

    :Cтр - нет
    :Вещ64 - нет
    :Вещ32 - нет
    :Цел64 - нет
    :Цел32 - нет
    :Цел16 - нет
    :Цел8 - нет
    :Лог - нет

:Локальные массивы

    :Cтр - нет
    :Вещ64 - нет
    :Вещ32 - нет
    :Цел64 - нет
    :Цел32 - нет
    :Цел16 - нет
    :Цел8 - нет
    :Лог - нет

:Глобальные константы

    :Cтр - нет
    :Вещ64 - нет
    :Вещ32 - нет
    :Цел64 - нет
    :Цел32 - нет
    :Цел16 - GIDROLOCK_CRANE_MAX_DELAY_SWITCH_TIME = 1, GIDROLOCK_CRANE_MAX_SWITCH_TIME = 10, 
    :        SENSOR_TYPE_LIGHT = 10, SENSOR_TYPE_TEMP = 11, SENSOR_TYPE_WETNESS = 12, 
    :        STATE_GIDROLOCK_CRANE_AWAIT = 6, STATE_GIDROLOCK_CRANE_CLOSE = 0, 
    :        STATE_GIDROLOCK_CRANE_CLOSES = 4, STATE_GIDROLOCK_CRANE_ERROR = 3, 
    :        STATE_GIDROLOCK_CRANE_OPEN = 1, STATE_GIDROLOCK_CRANE_OPENS = 5, 
    :        STATE_GIDROLOCK_CRANE_UNDEFINED = 2
    :Цел8 - нет
    :Лог - CMD_GIDROLOCK_CRANE_CLOSE = 0, CMD_GIDROLOCK_CRANE_OPEN = 1, FALSE = 0, TRUE = 1

:Локальные константы

    :Cтр - нет
    :Вещ64 - нет
    :Вещ32 - нет
    :Цел64 - нет
    :Цел32 - нет
    :Цел16 - нет
    :Цел8 - нет
    :Лог - нет

:Вызовы процедур

    :Gidrolock_InitOnReboot

:***************************************************************************************************

:Процедура Msu24_Monitoring

:Общая статистика

    :Всего переменных БД - 4
    :Всего переменных ВА - 0
    :Всего переменных АВ - 0
    :Всего переменных ВД - 0
    :Всего переменных ДВ - 0
    :Всего переменных РВ - 4
    :Всего внутренних переменных - 4
    :Всего переменных ПВ - 0
    :Всего переменных ПЦ - 3
    :Всего переменных ПЛ - 1
    :Всего переменных ТС - 0
    :Всего переменных ТМ - 0
    :Всего переменных ТЧ - 0
    :Всего глобальных переменных - 0
    :Всего локальных переменных - 0
    :Всего глобальных массивов - 0
    :Всего локальных массивов - 0
    :Всего глобальных констант - 16
    :Всего локальных констант - 0
    :Всего последовательностей - 4
    :Всего вызовов процедур - 0
    :Всего вызовов функций - 2

:Переменные БД

    :ВА - нет
    :АВ - нет
    :ВД - нет
    :ДВ - нет
    :РВ - 3...6

:Внутренние переменные

    :ПВ - нет
    :ПЦ - 10...12
    :ПЛ - 20
    :ТС - нет
    :ТМ - нет
    :ТЧ - нет

:Глобальные переменные

    :Cтр - нет
    :Вещ64 - нет
    :Вещ32 - нет
    :Цел64 - нет
    :Цел32 - нет
    :Цел16 - нет
    :Цел8 - нет
    :Лог - нет

:Локальные переменные

    :Cтр - нет
    :Вещ64 - нет
    :Вещ32 - нет
    :Цел64 - нет
    :Цел32 - нет
    :Цел16 - нет
    :Цел8 - нет
    :Лог - нет

:Глобальные массивы

    :Cтр - нет
    :Вещ64 - нет
    :Вещ32 - нет
    :Цел64 - нет
    :Цел32 - нет
    :Цел16 - нет
    :Цел8 - нет
    :Лог - нет

:Локальные массивы

    :Cтр - нет
    :Вещ64 - нет
    :Вещ32 - нет
    :Цел64 - нет
    :Цел32 - нет
    :Цел16 - нет
    :Цел8 - нет
    :Лог - нет

:Глобальные константы

    :Cтр - нет
    :Вещ64 - нет
    :Вещ32 - нет
    :Цел64 - нет
    :Цел32 - нет
    :Цел16 - GIDROLOCK_CRANE_MAX_DELAY_SWITCH_TIME = 1, GIDROLOCK_CRANE_MAX_SWITCH_TIME = 10, 
    :        SENSOR_TYPE_LIGHT = 10, SENSOR_TYPE_TEMP = 11, SENSOR_TYPE_WETNESS = 12, 
    :        STATE_GIDROLOCK_CRANE_AWAIT = 6, STATE_GIDROLOCK_CRANE_CLOSE = 0, 
    :        STATE_GIDROLOCK_CRANE_CLOSES = 4, STATE_GIDROLOCK_CRANE_ERROR = 3, 
    :        STATE_GIDROLOCK_CRANE_OPEN = 1, STATE_GIDROLOCK_CRANE_OPENS = 5, 
    :        STATE_GIDROLOCK_CRANE_UNDEFINED = 2
    :Цел8 - нет
    :Лог - CMD_GIDROLOCK_CRANE_CLOSE = 0, CMD_GIDROLOCK_CRANE_OPEN = 1, FALSE = 0, TRUE = 1

:Локальные константы

    :Cтр - нет
    :Вещ64 - нет
    :Вещ32 - нет
    :Цел64 - нет
    :Цел32 - нет
    :Цел16 - нет
    :Цел8 - нет
    :Лог - нет

:Последовательности

    :Имена - iMdbPcSensorValue, iOpcSensorValue, iOpcIsConnectionMsu24, iMdbIsConnectionMsu24
    :iMdbPcSensorValue - [ 10...12 ] всего элементов 3, iOpcSensorValue - [ 3...5 ] всего элементов 
    :                  3, iOpcIsConnectionMsu24 - [ 6 ] всего элементов 1, iMdbIsConnectionMsu24 - 
    :                        [ 20 ] всего элементов 1

:Вызовы функций

    :лв
    :цв

:***************************************************************************************************

:Функция Decoder_GetGidrolockCraneFullState

:Общая статистика

    :Всего переменных БД - 0
    :Всего переменных ВА - 0
    :Всего переменных АВ - 0
    :Всего переменных ВД - 0
    :Всего переменных ДВ - 0
    :Всего переменных РВ - 0
    :Всего внутренних переменных - 0
    :Всего переменных ПВ - 0
    :Всего переменных ПЦ - 0
    :Всего переменных ПЛ - 0
    :Всего переменных ТС - 0
    :Всего переменных ТМ - 0
    :Всего переменных ТЧ - 0
    :Всего глобальных переменных - 0
    :Всего локальных переменных - 4
    :Всего глобальных массивов - 0
    :Всего локальных массивов - 0
    :Всего глобальных констант - 16
    :Всего локальных констант - 0
    :Всего последовательностей - 0
    :Всего вызовов процедур - 0
    :Всего вызовов функций - 0

:Переменные БД

    :ВА - нет
    :АВ - нет
    :ВД - нет
    :ДВ - нет
    :РВ - нет

:Внутренние переменные

    :ПВ - нет
    :ПЦ - нет
    :ПЛ - нет
    :ТС - нет
    :ТМ - нет
    :ТЧ - нет

:Глобальные переменные

    :Cтр - нет
    :Вещ64 - нет
    :Вещ32 - нет
    :Цел64 - нет
    :Цел32 - нет
    :Цел16 - нет
    :Цел8 - нет
    :Лог - нет

:Локальные переменные

    :Cтр - нет
    :Вещ64 - нет
    :Вещ32 - нет
    :Цел64 - нет
    :Цел32 - нет
    :Цел16 - craneState, craneSwitchTmr, craneDelaySwitchTmr, realCraneState
    :Цел8 - нет
    :Лог - нет

:Глобальные массивы

    :Cтр - нет
    :Вещ64 - нет
    :Вещ32 - нет
    :Цел64 - нет
    :Цел32 - нет
    :Цел16 - нет
    :Цел8 - нет
    :Лог - нет

:Локальные массивы

    :Cтр - нет
    :Вещ64 - нет
    :Вещ32 - нет
    :Цел64 - нет
    :Цел32 - нет
    :Цел16 - нет
    :Цел8 - нет
    :Лог - нет

:Глобальные константы

    :Cтр - нет
    :Вещ64 - нет
    :Вещ32 - нет
    :Цел64 - нет
    :Цел32 - нет
    :Цел16 - GIDROLOCK_CRANE_MAX_DELAY_SWITCH_TIME = 1, GIDROLOCK_CRANE_MAX_SWITCH_TIME = 10, 
    :        SENSOR_TYPE_LIGHT = 10, SENSOR_TYPE_TEMP = 11, SENSOR_TYPE_WETNESS = 12, 
    :        STATE_GIDROLOCK_CRANE_AWAIT = 6, STATE_GIDROLOCK_CRANE_CLOSE = 0, 
    :        STATE_GIDROLOCK_CRANE_CLOSES = 4, STATE_GIDROLOCK_CRANE_ERROR = 3, 
    :        STATE_GIDROLOCK_CRANE_OPEN = 1, STATE_GIDROLOCK_CRANE_OPENS = 5, 
    :        STATE_GIDROLOCK_CRANE_UNDEFINED = 2
    :Цел8 - нет
    :Лог - CMD_GIDROLOCK_CRANE_CLOSE = 0, CMD_GIDROLOCK_CRANE_OPEN = 1, FALSE = 0, TRUE = 1

:Локальные константы

    :Cтр - нет
    :Вещ64 - нет
    :Вещ32 - нет
    :Цел64 - нет
    :Цел32 - нет
    :Цел16 - нет
    :Цел8 - нет
    :Лог - нет

:***************************************************************************************************

:Функция Decoder_GetGidrolockCraneState

:Общая статистика

    :Всего переменных БД - 0
    :Всего переменных ВА - 0
    :Всего переменных АВ - 0
    :Всего переменных ВД - 0
    :Всего переменных ДВ - 0
    :Всего переменных РВ - 0
    :Всего внутренних переменных - 0
    :Всего переменных ПВ - 0
    :Всего переменных ПЦ - 0
    :Всего переменных ПЛ - 0
    :Всего переменных ТС - 0
    :Всего переменных ТМ - 0
    :Всего переменных ТЧ - 0
    :Всего глобальных переменных - 0
    :Всего локальных переменных - 4
    :Всего глобальных массивов - 0
    :Всего локальных массивов - 0
    :Всего глобальных констант - 16
    :Всего локальных констант - 0
    :Всего последовательностей - 0
    :Всего вызовов процедур - 0
    :Всего вызовов функций - 1

:Переменные БД

    :ВА - нет
    :АВ - нет
    :ВД - нет
    :ДВ - нет
    :РВ - нет

:Внутренние переменные

    :ПВ - нет
    :ПЦ - нет
    :ПЛ - нет
    :ТС - нет
    :ТМ - нет
    :ТЧ - нет

:Глобальные переменные

    :Cтр - нет
    :Вещ64 - нет
    :Вещ32 - нет
    :Цел64 - нет
    :Цел32 - нет
    :Цел16 - нет
    :Цел8 - нет
    :Лог - нет

:Локальные переменные

    :Cтр - нет
    :Вещ64 - нет
    :Вещ32 - нет
    :Цел64 - нет
    :Цел32 - нет
    :Цел16 - craneState
    :Цел8 - нет
    :Лог - isWireOpen, isWireClose, currentCmd

:Глобальные массивы

    :Cтр - нет
    :Вещ64 - нет
    :Вещ32 - нет
    :Цел64 - нет
    :Цел32 - нет
    :Цел16 - нет
    :Цел8 - нет
    :Лог - нет

:Локальные массивы

    :Cтр - нет
    :Вещ64 - нет
    :Вещ32 - нет
    :Цел64 - нет
    :Цел32 - нет
    :Цел16 - нет
    :Цел8 - нет
    :Лог - нет

:Глобальные константы

    :Cтр - нет
    :Вещ64 - нет
    :Вещ32 - нет
    :Цел64 - нет
    :Цел32 - нет
    :Цел16 - GIDROLOCK_CRANE_MAX_DELAY_SWITCH_TIME = 1, GIDROLOCK_CRANE_MAX_SWITCH_TIME = 10, 
    :        SENSOR_TYPE_LIGHT = 10, SENSOR_TYPE_TEMP = 11, SENSOR_TYPE_WETNESS = 12, 
    :        STATE_GIDROLOCK_CRANE_AWAIT = 6, STATE_GIDROLOCK_CRANE_CLOSE = 0, 
    :        STATE_GIDROLOCK_CRANE_CLOSES = 4, STATE_GIDROLOCK_CRANE_ERROR = 3, 
    :        STATE_GIDROLOCK_CRANE_OPEN = 1, STATE_GIDROLOCK_CRANE_OPENS = 5, 
    :        STATE_GIDROLOCK_CRANE_UNDEFINED = 2
    :Цел8 - нет
    :Лог - CMD_GIDROLOCK_CRANE_CLOSE = 0, CMD_GIDROLOCK_CRANE_OPEN = 1, FALSE = 0, TRUE = 1

:Локальные константы

    :Cтр - нет
    :Вещ64 - нет
    :Вещ32 - нет
    :Цел64 - нет
    :Цел32 - нет
    :Цел16 - нет
    :Цел8 - нет
    :Лог - нет

:Вызовы функций

    :цл

:***************************************************************************************************

:Функция Gidrolock_CmdClose

:Общая статистика

    :Всего переменных БД - 4
    :Всего переменных ВА - 0
    :Всего переменных АВ - 0
    :Всего переменных ВД - 0
    :Всего переменных ДВ - 0
    :Всего переменных РВ - 4
    :Всего внутренних переменных - 2
    :Всего переменных ПВ - 0
    :Всего переменных ПЦ - 0
    :Всего переменных ПЛ - 2
    :Всего переменных ТС - 0
    :Всего переменных ТМ - 0
    :Всего переменных ТЧ - 0
    :Всего глобальных переменных - 0
    :Всего локальных переменных - 1
    :Всего глобальных массивов - 0
    :Всего локальных массивов - 0
    :Всего глобальных констант - 16
    :Всего локальных констант - 0
    :Всего последовательностей - 8
    :Всего вызовов процедур - 0
    :Всего вызовов функций - 0

:Переменные БД

    :ВА - нет
    :АВ - нет
    :ВД - нет
    :ДВ - нет
    :РВ - 8...11

:Внутренние переменные

    :ПВ - нет
    :ПЦ - нет
    :ПЛ - 12, 15
    :ТС - нет
    :ТМ - нет
    :ТЧ - нет

:Глобальные переменные

    :Cтр - нет
    :Вещ64 - нет
    :Вещ32 - нет
    :Цел64 - нет
    :Цел32 - нет
    :Цел16 - нет
    :Цел8 - нет
    :Лог - нет

:Локальные переменные

    :Cтр - нет
    :Вещ64 - нет
    :Вещ32 - нет
    :Цел64 - нет
    :Цел32 - нет
    :Цел16 - gidrolockCraneId
    :Цел8 - нет
    :Лог - нет

:Глобальные массивы

    :Cтр - нет
    :Вещ64 - нет
    :Вещ32 - нет
    :Цел64 - нет
    :Цел32 - нет
    :Цел16 - нет
    :Цел8 - нет
    :Лог - нет

:Локальные массивы

    :Cтр - нет
    :Вещ64 - нет
    :Вещ32 - нет
    :Цел64 - нет
    :Цел32 - нет
    :Цел16 - нет
    :Цел8 - нет
    :Лог - нет

:Глобальные константы

    :Cтр - нет
    :Вещ64 - нет
    :Вещ32 - нет
    :Цел64 - нет
    :Цел32 - нет
    :Цел16 - GIDROLOCK_CRANE_MAX_DELAY_SWITCH_TIME = 1, GIDROLOCK_CRANE_MAX_SWITCH_TIME = 10, 
    :        SENSOR_TYPE_LIGHT = 10, SENSOR_TYPE_TEMP = 11, SENSOR_TYPE_WETNESS = 12, 
    :        STATE_GIDROLOCK_CRANE_AWAIT = 6, STATE_GIDROLOCK_CRANE_CLOSE = 0, 
    :        STATE_GIDROLOCK_CRANE_CLOSES = 4, STATE_GIDROLOCK_CRANE_ERROR = 3, 
    :        STATE_GIDROLOCK_CRANE_OPEN = 1, STATE_GIDROLOCK_CRANE_OPENS = 5, 
    :        STATE_GIDROLOCK_CRANE_UNDEFINED = 2
    :Цел8 - нет
    :Лог - CMD_GIDROLOCK_CRANE_CLOSE = 0, CMD_GIDROLOCK_CRANE_OPEN = 1, FALSE = 0, TRUE = 1

:Локальные константы

    :Cтр - нет
    :Вещ64 - нет
    :Вещ32 - нет
    :Цел64 - нет
    :Цел32 - нет
    :Цел16 - нет
    :Цел8 - нет
    :Лог - нет

:Последовательности

    :Имена - iGidrolockCraneId, iOpcGidrolockCraneCmd, iOpcGidrolockCraneState, iMdbCraneId, 
    :        iGidrolockCraneId, iOpcGidrolockCraneCmd, iOpcGidrolockCraneState, iMdbCraneId
    :iGidrolockCraneId - [ 1 ] всего элементов 1, iOpcGidrolockCraneCmd - [ 8 ] всего элементов 1, 
    :                        iOpcGidrolockCraneState - [ 9 ] всего элементов 1, iMdbCraneId - [ 12 
    :              ] всего элементов 1, iGidrolockCraneId - [ 2 ] всего элементов 1, 
    :                    iOpcGidrolockCraneCmd - [ 10 ] всего элементов 1, iOpcGidrolockCraneState 
    :                        - [ 11 ] всего элементов 1, iMdbCraneId - [ 15 ] всего элементов 1

:***************************************************************************************************

:Функция Gidrolock_CmdOpen

:Общая статистика

    :Всего переменных БД - 4
    :Всего переменных ВА - 0
    :Всего переменных АВ - 0
    :Всего переменных ВД - 0
    :Всего переменных ДВ - 0
    :Всего переменных РВ - 4
    :Всего внутренних переменных - 2
    :Всего переменных ПВ - 0
    :Всего переменных ПЦ - 0
    :Всего переменных ПЛ - 2
    :Всего переменных ТС - 0
    :Всего переменных ТМ - 0
    :Всего переменных ТЧ - 0
    :Всего глобальных переменных - 0
    :Всего локальных переменных - 1
    :Всего глобальных массивов - 0
    :Всего локальных массивов - 0
    :Всего глобальных констант - 16
    :Всего локальных констант - 0
    :Всего последовательностей - 8
    :Всего вызовов процедур - 0
    :Всего вызовов функций - 0

:Переменные БД

    :ВА - нет
    :АВ - нет
    :ВД - нет
    :ДВ - нет
    :РВ - 8...11

:Внутренние переменные

    :ПВ - нет
    :ПЦ - нет
    :ПЛ - 12, 15
    :ТС - нет
    :ТМ - нет
    :ТЧ - нет

:Глобальные переменные

    :Cтр - нет
    :Вещ64 - нет
    :Вещ32 - нет
    :Цел64 - нет
    :Цел32 - нет
    :Цел16 - нет
    :Цел8 - нет
    :Лог - нет

:Локальные переменные

    :Cтр - нет
    :Вещ64 - нет
    :Вещ32 - нет
    :Цел64 - нет
    :Цел32 - нет
    :Цел16 - gidrolockCraneId
    :Цел8 - нет
    :Лог - нет

:Глобальные массивы

    :Cтр - нет
    :Вещ64 - нет
    :Вещ32 - нет
    :Цел64 - нет
    :Цел32 - нет
    :Цел16 - нет
    :Цел8 - нет
    :Лог - нет

:Локальные массивы

    :Cтр - нет
    :Вещ64 - нет
    :Вещ32 - нет
    :Цел64 - нет
    :Цел32 - нет
    :Цел16 - нет
    :Цел8 - нет
    :Лог - нет

:Глобальные константы

    :Cтр - нет
    :Вещ64 - нет
    :Вещ32 - нет
    :Цел64 - нет
    :Цел32 - нет
    :Цел16 - GIDROLOCK_CRANE_MAX_DELAY_SWITCH_TIME = 1, GIDROLOCK_CRANE_MAX_SWITCH_TIME = 10, 
    :        SENSOR_TYPE_LIGHT = 10, SENSOR_TYPE_TEMP = 11, SENSOR_TYPE_WETNESS = 12, 
    :        STATE_GIDROLOCK_CRANE_AWAIT = 6, STATE_GIDROLOCK_CRANE_CLOSE = 0, 
    :        STATE_GIDROLOCK_CRANE_CLOSES = 4, STATE_GIDROLOCK_CRANE_ERROR = 3, 
    :        STATE_GIDROLOCK_CRANE_OPEN = 1, STATE_GIDROLOCK_CRANE_OPENS = 5, 
    :        STATE_GIDROLOCK_CRANE_UNDEFINED = 2
    :Цел8 - нет
    :Лог - CMD_GIDROLOCK_CRANE_CLOSE = 0, CMD_GIDROLOCK_CRANE_OPEN = 1, FALSE = 0, TRUE = 1

:Локальные константы

    :Cтр - нет
    :Вещ64 - нет
    :Вещ32 - нет
    :Цел64 - нет
    :Цел32 - нет
    :Цел16 - нет
    :Цел8 - нет
    :Лог - нет

:Последовательности

    :Имена - iGidrolockCraneId, iMdbCraneId, iOpcGidrolockCraneCmd, iOpcGidrolockCraneState, 
    :        iGidrolockCraneId, iMdbCraneId, iOpcGidrolockCraneCmd, iOpcGidrolockCraneState
    :iGidrolockCraneId - [ 1 ] всего элементов 1, iMdbCraneId - [ 12 ] всего элементов 1, 
    :              iOpcGidrolockCraneCmd - [ 8 ] всего элементов 1, iOpcGidrolockCraneState - [ 9 ] 
    :                          всего элементов 1, iGidrolockCraneId - [ 2 ] всего элементов 1, 
    :                    iMdbCraneId - [ 15 ] всего элементов 1, iOpcGidrolockCraneCmd - [ 10 ] 
    :                        всего элементов 1, iOpcGidrolockCraneState - [ 11 ] всего элементов 1

:***************************************************************************************************

:Функция Gidrolock_GetStateById

:Общая статистика

    :Всего переменных БД - 2
    :Всего переменных ВА - 0
    :Всего переменных АВ - 0
    :Всего переменных ВД - 0
    :Всего переменных ДВ - 0
    :Всего переменных РВ - 2
    :Всего внутренних переменных - 0
    :Всего переменных ПВ - 0
    :Всего переменных ПЦ - 0
    :Всего переменных ПЛ - 0
    :Всего переменных ТС - 0
    :Всего переменных ТМ - 0
    :Всего переменных ТЧ - 0
    :Всего глобальных переменных - 0
    :Всего локальных переменных - 2
    :Всего глобальных массивов - 0
    :Всего локальных массивов - 0
    :Всего глобальных констант - 16
    :Всего локальных констант - 0
    :Всего последовательностей - 2
    :Всего вызовов процедур - 0
    :Всего вызовов функций - 1

:Переменные БД

    :ВА - нет
    :АВ - нет
    :ВД - нет
    :ДВ - нет
    :РВ - 9, 11

:Внутренние переменные

    :ПВ - нет
    :ПЦ - нет
    :ПЛ - нет
    :ТС - нет
    :ТМ - нет
    :ТЧ - нет

:Глобальные переменные

    :Cтр - нет
    :Вещ64 - нет
    :Вещ32 - нет
    :Цел64 - нет
    :Цел32 - нет
    :Цел16 - нет
    :Цел8 - нет
    :Лог - нет

:Локальные переменные

    :Cтр - нет
    :Вещ64 - нет
    :Вещ32 - нет
    :Цел64 - нет
    :Цел32 - нет
    :Цел16 - gidrolockCraneId, gidrolockCraneState
    :Цел8 - нет
    :Лог - нет

:Глобальные массивы

    :Cтр - нет
    :Вещ64 - нет
    :Вещ32 - нет
    :Цел64 - нет
    :Цел32 - нет
    :Цел16 - нет
    :Цел8 - нет
    :Лог - нет

:Локальные массивы

    :Cтр - нет
    :Вещ64 - нет
    :Вещ32 - нет
    :Цел64 - нет
    :Цел32 - нет
    :Цел16 - нет
    :Цел8 - нет
    :Лог - нет

:Глобальные константы

    :Cтр - нет
    :Вещ64 - нет
    :Вещ32 - нет
    :Цел64 - нет
    :Цел32 - нет
    :Цел16 - GIDROLOCK_CRANE_MAX_DELAY_SWITCH_TIME = 1, GIDROLOCK_CRANE_MAX_SWITCH_TIME = 10, 
    :        SENSOR_TYPE_LIGHT = 10, SENSOR_TYPE_TEMP = 11, SENSOR_TYPE_WETNESS = 12, 
    :        STATE_GIDROLOCK_CRANE_AWAIT = 6, STATE_GIDROLOCK_CRANE_CLOSE = 0, 
    :        STATE_GIDROLOCK_CRANE_CLOSES = 4, STATE_GIDROLOCK_CRANE_ERROR = 3, 
    :        STATE_GIDROLOCK_CRANE_OPEN = 1, STATE_GIDROLOCK_CRANE_OPENS = 5, 
    :        STATE_GIDROLOCK_CRANE_UNDEFINED = 2
    :Цел8 - нет
    :Лог - CMD_GIDROLOCK_CRANE_CLOSE = 0, CMD_GIDROLOCK_CRANE_OPEN = 1, FALSE = 0, TRUE = 1

:Локальные константы

    :Cтр - нет
    :Вещ64 - нет
    :Вещ32 - нет
    :Цел64 - нет
    :Цел32 - нет
    :Цел16 - нет
    :Цел8 - нет
    :Лог - нет

:Последовательности

    :Имена - iGidrolockCraneId, iOpcGidrolockCraneState
    :iGidrolockCraneId - [ 1, 2 ] всего элементов 2, iOpcGidrolockCraneState - [ 9, 11 ] всего 
    :                          элементов 2

:Вызовы функций

    :вц

:***************************************************************************************************

:Функция Gidrolock_IsClosed

:Общая статистика

    :Всего переменных БД - 0
    :Всего переменных ВА - 0
    :Всего переменных АВ - 0
    :Всего переменных ВД - 0
    :Всего переменных ДВ - 0
    :Всего переменных РВ - 0
    :Всего внутренних переменных - 6
    :Всего переменных ПВ - 0
    :Всего переменных ПЦ - 0
    :Всего переменных ПЛ - 6
    :Всего переменных ТС - 0
    :Всего переменных ТМ - 0
    :Всего переменных ТЧ - 0
    :Всего глобальных переменных - 0
    :Всего локальных переменных - 3
    :Всего глобальных массивов - 0
    :Всего локальных массивов - 0
    :Всего глобальных констант - 16
    :Всего локальных констант - 0
    :Всего последовательностей - 8
    :Всего вызовов процедур - 0
    :Всего вызовов функций - 1

:Переменные БД

    :ВА - нет
    :АВ - нет
    :ВД - нет
    :ДВ - нет
    :РВ - нет

:Внутренние переменные

    :ПВ - нет
    :ПЦ - нет
    :ПЛ - 12...17
    :ТС - нет
    :ТМ - нет
    :ТЧ - нет

:Глобальные переменные

    :Cтр - нет
    :Вещ64 - нет
    :Вещ32 - нет
    :Цел64 - нет
    :Цел32 - нет
    :Цел16 - нет
    :Цел8 - нет
    :Лог - нет

:Локальные переменные

    :Cтр - нет
    :Вещ64 - нет
    :Вещ32 - нет
    :Цел64 - нет
    :Цел32 - нет
    :Цел16 - gidrolockCraneId, craneState
    :Цел8 - нет
    :Лог - isClosedCrane

:Глобальные массивы

    :Cтр - нет
    :Вещ64 - нет
    :Вещ32 - нет
    :Цел64 - нет
    :Цел32 - нет
    :Цел16 - нет
    :Цел8 - нет
    :Лог - нет

:Локальные массивы

    :Cтр - нет
    :Вещ64 - нет
    :Вещ32 - нет
    :Цел64 - нет
    :Цел32 - нет
    :Цел16 - нет
    :Цел8 - нет
    :Лог - нет

:Глобальные константы

    :Cтр - нет
    :Вещ64 - нет
    :Вещ32 - нет
    :Цел64 - нет
    :Цел32 - нет
    :Цел16 - GIDROLOCK_CRANE_MAX_DELAY_SWITCH_TIME = 1, GIDROLOCK_CRANE_MAX_SWITCH_TIME = 10, 
    :        SENSOR_TYPE_LIGHT = 10, SENSOR_TYPE_TEMP = 11, SENSOR_TYPE_WETNESS = 12, 
    :        STATE_GIDROLOCK_CRANE_AWAIT = 6, STATE_GIDROLOCK_CRANE_CLOSE = 0, 
    :        STATE_GIDROLOCK_CRANE_CLOSES = 4, STATE_GIDROLOCK_CRANE_ERROR = 3, 
    :        STATE_GIDROLOCK_CRANE_OPEN = 1, STATE_GIDROLOCK_CRANE_OPENS = 5, 
    :        STATE_GIDROLOCK_CRANE_UNDEFINED = 2
    :Цел8 - нет
    :Лог - CMD_GIDROLOCK_CRANE_CLOSE = 0, CMD_GIDROLOCK_CRANE_OPEN = 1, FALSE = 0, TRUE = 1

:Локальные константы

    :Cтр - нет
    :Вещ64 - нет
    :Вещ32 - нет
    :Цел64 - нет
    :Цел32 - нет
    :Цел16 - нет
    :Цел8 - нет
    :Лог - нет

:Последовательности

    :Имена - iGidrolockCraneId, iMdbCraneId, iMdbCraneOpenWire, iMdbCraneCloseWire, 
    :        iGidrolockCraneId, iMdbCraneId, iMdbCraneOpenWire, iMdbCraneCloseWire
    :iGidrolockCraneId - [ 1 ] всего элементов 1, iMdbCraneId - [ 12 ] всего элементов 1, 
    :              iMdbCraneOpenWire - [ 13 ] всего элементов 1, iMdbCraneCloseWire - [ 14 ] всего 
    :                     элементов 1, iGidrolockCraneId - [ 2 ] всего элементов 1, iMdbCraneId - [ 
    :              15 ] всего элементов 1, iMdbCraneOpenWire - [ 16 ] всего элементов 1, 
    :                    iMdbCraneCloseWire - [ 17 ] всего элементов 1

:Вызовы функций

    :Decoder_GetGidrolockCraneState

:***************************************************************************************************

:Функция Gidrolock_IsOpened

:Общая статистика

    :Всего переменных БД - 0
    :Всего переменных ВА - 0
    :Всего переменных АВ - 0
    :Всего переменных ВД - 0
    :Всего переменных ДВ - 0
    :Всего переменных РВ - 0
    :Всего внутренних переменных - 6
    :Всего переменных ПВ - 0
    :Всего переменных ПЦ - 0
    :Всего переменных ПЛ - 6
    :Всего переменных ТС - 0
    :Всего переменных ТМ - 0
    :Всего переменных ТЧ - 0
    :Всего глобальных переменных - 0
    :Всего локальных переменных - 3
    :Всего глобальных массивов - 0
    :Всего локальных массивов - 0
    :Всего глобальных констант - 16
    :Всего локальных констант - 0
    :Всего последовательностей - 8
    :Всего вызовов процедур - 0
    :Всего вызовов функций - 1

:Переменные БД

    :ВА - нет
    :АВ - нет
    :ВД - нет
    :ДВ - нет
    :РВ - нет

:Внутренние переменные

    :ПВ - нет
    :ПЦ - нет
    :ПЛ - 12...17
    :ТС - нет
    :ТМ - нет
    :ТЧ - нет

:Глобальные переменные

    :Cтр - нет
    :Вещ64 - нет
    :Вещ32 - нет
    :Цел64 - нет
    :Цел32 - нет
    :Цел16 - нет
    :Цел8 - нет
    :Лог - нет

:Локальные переменные

    :Cтр - нет
    :Вещ64 - нет
    :Вещ32 - нет
    :Цел64 - нет
    :Цел32 - нет
    :Цел16 - gidrolockCraneId, craneState
    :Цел8 - нет
    :Лог - isOpenedCrane

:Глобальные массивы

    :Cтр - нет
    :Вещ64 - нет
    :Вещ32 - нет
    :Цел64 - нет
    :Цел32 - нет
    :Цел16 - нет
    :Цел8 - нет
    :Лог - нет

:Локальные массивы

    :Cтр - нет
    :Вещ64 - нет
    :Вещ32 - нет
    :Цел64 - нет
    :Цел32 - нет
    :Цел16 - нет
    :Цел8 - нет
    :Лог - нет

:Глобальные константы

    :Cтр - нет
    :Вещ64 - нет
    :Вещ32 - нет
    :Цел64 - нет
    :Цел32 - нет
    :Цел16 - GIDROLOCK_CRANE_MAX_DELAY_SWITCH_TIME = 1, GIDROLOCK_CRANE_MAX_SWITCH_TIME = 10, 
    :        SENSOR_TYPE_LIGHT = 10, SENSOR_TYPE_TEMP = 11, SENSOR_TYPE_WETNESS = 12, 
    :        STATE_GIDROLOCK_CRANE_AWAIT = 6, STATE_GIDROLOCK_CRANE_CLOSE = 0, 
    :        STATE_GIDROLOCK_CRANE_CLOSES = 4, STATE_GIDROLOCK_CRANE_ERROR = 3, 
    :        STATE_GIDROLOCK_CRANE_OPEN = 1, STATE_GIDROLOCK_CRANE_OPENS = 5, 
    :        STATE_GIDROLOCK_CRANE_UNDEFINED = 2
    :Цел8 - нет
    :Лог - CMD_GIDROLOCK_CRANE_CLOSE = 0, CMD_GIDROLOCK_CRANE_OPEN = 1, FALSE = 0, TRUE = 1

:Локальные константы

    :Cтр - нет
    :Вещ64 - нет
    :Вещ32 - нет
    :Цел64 - нет
    :Цел32 - нет
    :Цел16 - нет
    :Цел8 - нет
    :Лог - нет

:Последовательности

    :Имена - iGidrolockCraneId, iMdbCraneId, iMdbCraneOpenWire, iMdbCraneCloseWire, 
    :        iGidrolockCraneId, iMdbCraneId, iMdbCraneOpenWire, iMdbCraneCloseWire
    :iGidrolockCraneId - [ 1 ] всего элементов 1, iMdbCraneId - [ 12 ] всего элементов 1, 
    :              iMdbCraneOpenWire - [ 13 ] всего элементов 1, iMdbCraneCloseWire - [ 14 ] всего 
    :                     элементов 1, iGidrolockCraneId - [ 2 ] всего элементов 1, iMdbCraneId - [ 
    :              15 ] всего элементов 1, iMdbCraneOpenWire - [ 16 ] всего элементов 1, 
    :                    iMdbCraneCloseWire - [ 17 ] всего элементов 1

:Вызовы функций

    :Decoder_GetGidrolockCraneState

:***************************************************************************************************

:Функция Msu24_GetIlluminationValue

:Общая статистика

    :Всего переменных БД - 0
    :Всего переменных ВА - 0
    :Всего переменных АВ - 0
    :Всего переменных ВД - 0
    :Всего переменных ДВ - 0
    :Всего переменных РВ - 0
    :Всего внутренних переменных - 1
    :Всего переменных ПВ - 0
    :Всего переменных ПЦ - 1
    :Всего переменных ПЛ - 0
    :Всего переменных ТС - 0
    :Всего переменных ТМ - 0
    :Всего переменных ТЧ - 0
    :Всего глобальных переменных - 0
    :Всего локальных переменных - 2
    :Всего глобальных массивов - 0
    :Всего локальных массивов - 0
    :Всего глобальных констант - 16
    :Всего локальных констант - 0
    :Всего последовательностей - 2
    :Всего вызовов процедур - 0
    :Всего вызовов функций - 0

:Переменные БД

    :ВА - нет
    :АВ - нет
    :ВД - нет
    :ДВ - нет
    :РВ - нет

:Внутренние переменные

    :ПВ - нет
    :ПЦ - 11
    :ПЛ - нет
    :ТС - нет
    :ТМ - нет
    :ТЧ - нет

:Глобальные переменные

    :Cтр - нет
    :Вещ64 - нет
    :Вещ32 - нет
    :Цел64 - нет
    :Цел32 - нет
    :Цел16 - нет
    :Цел8 - нет
    :Лог - нет

:Локальные переменные

    :Cтр - нет
    :Вещ64 - нет
    :Вещ32 - нет
    :Цел64 - нет
    :Цел32 - нет
    :Цел16 - msuId, sensorValue
    :Цел8 - нет
    :Лог - нет

:Глобальные массивы

    :Cтр - нет
    :Вещ64 - нет
    :Вещ32 - нет
    :Цел64 - нет
    :Цел32 - нет
    :Цел16 - нет
    :Цел8 - нет
    :Лог - нет

:Локальные массивы

    :Cтр - нет
    :Вещ64 - нет
    :Вещ32 - нет
    :Цел64 - нет
    :Цел32 - нет
    :Цел16 - нет
    :Цел8 - нет
    :Лог - нет

:Глобальные константы

    :Cтр - нет
    :Вещ64 - нет
    :Вещ32 - нет
    :Цел64 - нет
    :Цел32 - нет
    :Цел16 - GIDROLOCK_CRANE_MAX_DELAY_SWITCH_TIME = 1, GIDROLOCK_CRANE_MAX_SWITCH_TIME = 10, 
    :        SENSOR_TYPE_LIGHT = 10, SENSOR_TYPE_TEMP = 11, SENSOR_TYPE_WETNESS = 12, 
    :        STATE_GIDROLOCK_CRANE_AWAIT = 6, STATE_GIDROLOCK_CRANE_CLOSE = 0, 
    :        STATE_GIDROLOCK_CRANE_CLOSES = 4, STATE_GIDROLOCK_CRANE_ERROR = 3, 
    :        STATE_GIDROLOCK_CRANE_OPEN = 1, STATE_GIDROLOCK_CRANE_OPENS = 5, 
    :        STATE_GIDROLOCK_CRANE_UNDEFINED = 2
    :Цел8 - нет
    :Лог - CMD_GIDROLOCK_CRANE_CLOSE = 0, CMD_GIDROLOCK_CRANE_OPEN = 1, FALSE = 0, TRUE = 1

:Локальные константы

    :Cтр - нет
    :Вещ64 - нет
    :Вещ32 - нет
    :Цел64 - нет
    :Цел32 - нет
    :Цел16 - нет
    :Цел8 - нет
    :Лог - нет

:Последовательности

    :Имена - iMsuId, iMdbPcSensorValue
    :iMsuId - [ 1 ] всего элементов 1, iMdbPcSensorValue - [ 11 ] всего элементов 1

:***************************************************************************************************

:Функция Msu24_GetMoistureValue

:Общая статистика

    :Всего переменных БД - 0
    :Всего переменных ВА - 0
    :Всего переменных АВ - 0
    :Всего переменных ВД - 0
    :Всего переменных ДВ - 0
    :Всего переменных РВ - 0
    :Всего внутренних переменных - 1
    :Всего переменных ПВ - 0
    :Всего переменных ПЦ - 1
    :Всего переменных ПЛ - 0
    :Всего переменных ТС - 0
    :Всего переменных ТМ - 0
    :Всего переменных ТЧ - 0
    :Всего глобальных переменных - 0
    :Всего локальных переменных - 2
    :Всего глобальных массивов - 0
    :Всего локальных массивов - 0
    :Всего глобальных констант - 16
    :Всего локальных констант - 0
    :Всего последовательностей - 2
    :Всего вызовов процедур - 0
    :Всего вызовов функций - 0

:Переменные БД

    :ВА - нет
    :АВ - нет
    :ВД - нет
    :ДВ - нет
    :РВ - нет

:Внутренние переменные

    :ПВ - нет
    :ПЦ - 10
    :ПЛ - нет
    :ТС - нет
    :ТМ - нет
    :ТЧ - нет

:Глобальные переменные

    :Cтр - нет
    :Вещ64 - нет
    :Вещ32 - нет
    :Цел64 - нет
    :Цел32 - нет
    :Цел16 - нет
    :Цел8 - нет
    :Лог - нет

:Локальные переменные

    :Cтр - нет
    :Вещ64 - нет
    :Вещ32 - нет
    :Цел64 - нет
    :Цел32 - нет
    :Цел16 - msuId, sensorValue
    :Цел8 - нет
    :Лог - нет

:Глобальные массивы

    :Cтр - нет
    :Вещ64 - нет
    :Вещ32 - нет
    :Цел64 - нет
    :Цел32 - нет
    :Цел16 - нет
    :Цел8 - нет
    :Лог - нет

:Локальные массивы

    :Cтр - нет
    :Вещ64 - нет
    :Вещ32 - нет
    :Цел64 - нет
    :Цел32 - нет
    :Цел16 - нет
    :Цел8 - нет
    :Лог - нет

:Глобальные константы

    :Cтр - нет
    :Вещ64 - нет
    :Вещ32 - нет
    :Цел64 - нет
    :Цел32 - нет
    :Цел16 - GIDROLOCK_CRANE_MAX_DELAY_SWITCH_TIME = 1, GIDROLOCK_CRANE_MAX_SWITCH_TIME = 10, 
    :        SENSOR_TYPE_LIGHT = 10, SENSOR_TYPE_TEMP = 11, SENSOR_TYPE_WETNESS = 12, 
    :        STATE_GIDROLOCK_CRANE_AWAIT = 6, STATE_GIDROLOCK_CRANE_CLOSE = 0, 
    :        STATE_GIDROLOCK_CRANE_CLOSES = 4, STATE_GIDROLOCK_CRANE_ERROR = 3, 
    :        STATE_GIDROLOCK_CRANE_OPEN = 1, STATE_GIDROLOCK_CRANE_OPENS = 5, 
    :        STATE_GIDROLOCK_CRANE_UNDEFINED = 2
    :Цел8 - нет
    :Лог - CMD_GIDROLOCK_CRANE_CLOSE = 0, CMD_GIDROLOCK_CRANE_OPEN = 1, FALSE = 0, TRUE = 1

:Локальные константы

    :Cтр - нет
    :Вещ64 - нет
    :Вещ32 - нет
    :Цел64 - нет
    :Цел32 - нет
    :Цел16 - нет
    :Цел8 - нет
    :Лог - нет

:Последовательности

    :Имена - iMsuId, iMdbPcSensorValue
    :iMsuId - [ 1 ] всего элементов 1, iMdbPcSensorValue - [ 10 ] всего элементов 1

:***************************************************************************************************

:Функция Msu24_GetTemperatureValue

:Общая статистика

    :Всего переменных БД - 0
    :Всего переменных ВА - 0
    :Всего переменных АВ - 0
    :Всего переменных ВД - 0
    :Всего переменных ДВ - 0
    :Всего переменных РВ - 0
    :Всего внутренних переменных - 1
    :Всего переменных ПВ - 0
    :Всего переменных ПЦ - 1
    :Всего переменных ПЛ - 0
    :Всего переменных ТС - 0
    :Всего переменных ТМ - 0
    :Всего переменных ТЧ - 0
    :Всего глобальных переменных - 0
    :Всего локальных переменных - 2
    :Всего глобальных массивов - 0
    :Всего локальных массивов - 0
    :Всего глобальных констант - 16
    :Всего локальных констант - 0
    :Всего последовательностей - 2
    :Всего вызовов процедур - 0
    :Всего вызовов функций - 0

:Переменные БД

    :ВА - нет
    :АВ - нет
    :ВД - нет
    :ДВ - нет
    :РВ - нет

:Внутренние переменные

    :ПВ - нет
    :ПЦ - 12
    :ПЛ - нет
    :ТС - нет
    :ТМ - нет
    :ТЧ - нет

:Глобальные переменные

    :Cтр - нет
    :Вещ64 - нет
    :Вещ32 - нет
    :Цел64 - нет
    :Цел32 - нет
    :Цел16 - нет
    :Цел8 - нет
    :Лог - нет

:Локальные переменные

    :Cтр - нет
    :Вещ64 - нет
    :Вещ32 - нет
    :Цел64 - нет
    :Цел32 - нет
    :Цел16 - msuId, sensorValue
    :Цел8 - нет
    :Лог - нет

:Глобальные массивы

    :Cтр - нет
    :Вещ64 - нет
    :Вещ32 - нет
    :Цел64 - нет
    :Цел32 - нет
    :Цел16 - нет
    :Цел8 - нет
    :Лог - нет

:Локальные массивы

    :Cтр - нет
    :Вещ64 - нет
    :Вещ32 - нет
    :Цел64 - нет
    :Цел32 - нет
    :Цел16 - нет
    :Цел8 - нет
    :Лог - нет

:Глобальные константы

    :Cтр - нет
    :Вещ64 - нет
    :Вещ32 - нет
    :Цел64 - нет
    :Цел32 - нет
    :Цел16 - GIDROLOCK_CRANE_MAX_DELAY_SWITCH_TIME = 1, GIDROLOCK_CRANE_MAX_SWITCH_TIME = 10, 
    :        SENSOR_TYPE_LIGHT = 10, SENSOR_TYPE_TEMP = 11, SENSOR_TYPE_WETNESS = 12, 
    :        STATE_GIDROLOCK_CRANE_AWAIT = 6, STATE_GIDROLOCK_CRANE_CLOSE = 0, 
    :        STATE_GIDROLOCK_CRANE_CLOSES = 4, STATE_GIDROLOCK_CRANE_ERROR = 3, 
    :        STATE_GIDROLOCK_CRANE_OPEN = 1, STATE_GIDROLOCK_CRANE_OPENS = 5, 
    :        STATE_GIDROLOCK_CRANE_UNDEFINED = 2
    :Цел8 - нет
    :Лог - CMD_GIDROLOCK_CRANE_CLOSE = 0, CMD_GIDROLOCK_CRANE_OPEN = 1, FALSE = 0, TRUE = 1

:Локальные константы

    :Cтр - нет
    :Вещ64 - нет
    :Вещ32 - нет
    :Цел64 - нет
    :Цел32 - нет
    :Цел16 - нет
    :Цел8 - нет
    :Лог - нет

:Последовательности

    :Имена - iMsuId, iMdbPcSensorValue
    :iMsuId - [ 1 ] всего элементов 1, iMdbPcSensorValue - [ 12 ] всего элементов 1

:***************************************************************************************************

:Функция _Gidrolock_Monitoring

:Общая статистика

    :Всего переменных БД - 0
    :Всего переменных ВА - 0
    :Всего переменных АВ - 0
    :Всего переменных ВД - 0
    :Всего переменных ДВ - 0
    :Всего переменных РВ - 0
    :Всего внутренних переменных - 4
    :Всего переменных ПВ - 0
    :Всего переменных ПЦ - 0
    :Всего переменных ПЛ - 0
    :Всего переменных ТС - 4
    :Всего переменных ТМ - 0
    :Всего переменных ТЧ - 0
    :Всего глобальных переменных - 0
    :Всего локальных переменных - 10
    :Всего глобальных массивов - 0
    :Всего локальных массивов - 0
    :Всего глобальных констант - 16
    :Всего локальных констант - 0
    :Всего последовательностей - 2
    :Всего вызовов процедур - 0
    :Всего вызовов функций - 4

:Переменные БД

    :ВА - нет
    :АВ - нет
    :ВД - нет
    :ДВ - нет
    :РВ - нет

:Внутренние переменные

    :ПВ - нет
    :ПЦ - нет
    :ПЛ - нет
    :ТС - 5...8
    :ТМ - нет
    :ТЧ - нет

:Глобальные переменные

    :Cтр - нет
    :Вещ64 - нет
    :Вещ32 - нет
    :Цел64 - нет
    :Цел32 - нет
    :Цел16 - нет
    :Цел8 - нет
    :Лог - нет

:Локальные переменные

    :Cтр - нет
    :Вещ64 - нет
    :Вещ32 - opcGidrolockCraneState, opcGidrolockCraneCmd, newOpcGidrolockCraneCmd, 
    :        newOpcGidrolockCraneState
    :Цел64 - нет
    :Цел32 - нет
    :Цел16 - tmrTsCraneChangeState, tmrTsCraneDelayChangeState, craneState
    :Цел8 - нет
    :Лог - mdbGidrolockCraneWireOpen, mdbGidrolockCraneWireClose, mdbCraneState

:Глобальные массивы

    :Cтр - нет
    :Вещ64 - нет
    :Вещ32 - нет
    :Цел64 - нет
    :Цел32 - нет
    :Цел16 - нет
    :Цел8 - нет
    :Лог - нет

:Локальные массивы

    :Cтр - нет
    :Вещ64 - нет
    :Вещ32 - нет
    :Цел64 - нет
    :Цел32 - нет
    :Цел16 - нет
    :Цел8 - нет
    :Лог - нет

:Глобальные константы

    :Cтр - нет
    :Вещ64 - нет
    :Вещ32 - нет
    :Цел64 - нет
    :Цел32 - нет
    :Цел16 - GIDROLOCK_CRANE_MAX_DELAY_SWITCH_TIME = 1, GIDROLOCK_CRANE_MAX_SWITCH_TIME = 10, 
    :        SENSOR_TYPE_LIGHT = 10, SENSOR_TYPE_TEMP = 11, SENSOR_TYPE_WETNESS = 12, 
    :        STATE_GIDROLOCK_CRANE_AWAIT = 6, STATE_GIDROLOCK_CRANE_CLOSE = 0, 
    :        STATE_GIDROLOCK_CRANE_CLOSES = 4, STATE_GIDROLOCK_CRANE_ERROR = 3, 
    :        STATE_GIDROLOCK_CRANE_OPEN = 1, STATE_GIDROLOCK_CRANE_OPENS = 5, 
    :        STATE_GIDROLOCK_CRANE_UNDEFINED = 2
    :Цел8 - нет
    :Лог - CMD_GIDROLOCK_CRANE_CLOSE = 0, CMD_GIDROLOCK_CRANE_OPEN = 1, FALSE = 0, TRUE = 1

:Локальные константы

    :Cтр - нет
    :Вещ64 - нет
    :Вещ32 - нет
    :Цел64 - нет
    :Цел32 - нет
    :Цел16 - нет
    :Цел8 - нет
    :Лог - нет

:Последовательности

    :Имена - iTmrTsCraneChangeState, iTmrTsCraneDelayChangeState
    :iTmrTsCraneChangeState - [ 5, 7 ] всего элементов 2, iTmrTsCraneDelayChangeState - [ 6, 8 ] 
    :                              всего элементов 2

:Вызовы функций

    :Decoder_GetGidrolockCraneFullState
    :Decoder_GetGidrolockCraneState
    :вц
    :цв

:***************************************************************************************************

:Функция _Gidrolock_OpcControl

:Общая статистика

    :Всего переменных БД - 0
    :Всего переменных ВА - 0
    :Всего переменных АВ - 0
    :Всего переменных ВД - 0
    :Всего переменных ДВ - 0
    :Всего переменных РВ - 0
    :Всего внутренних переменных - 0
    :Всего переменных ПВ - 0
    :Всего переменных ПЦ - 0
    :Всего переменных ПЛ - 0
    :Всего переменных ТС - 0
    :Всего переменных ТМ - 0
    :Всего переменных ТЧ - 0
    :Всего глобальных переменных - 0
    :Всего локальных переменных - 5
    :Всего глобальных массивов - 0
    :Всего локальных массивов - 0
    :Всего глобальных констант - 16
    :Всего локальных констант - 0
    :Всего последовательностей - 0
    :Всего вызовов процедур - 0
    :Всего вызовов функций - 0

:Переменные БД

    :ВА - нет
    :АВ - нет
    :ВД - нет
    :ДВ - нет
    :РВ - нет

:Внутренние переменные

    :ПВ - нет
    :ПЦ - нет
    :ПЛ - нет
    :ТС - нет
    :ТМ - нет
    :ТЧ - нет

:Глобальные переменные

    :Cтр - нет
    :Вещ64 - нет
    :Вещ32 - нет
    :Цел64 - нет
    :Цел32 - нет
    :Цел16 - нет
    :Цел8 - нет
    :Лог - нет

:Локальные переменные

    :Cтр - нет
    :Вещ64 - нет
    :Вещ32 - opcGidrolockCraneCmd, opcGidrolockCraneState
    :Цел64 - нет
    :Цел32 - нет
    :Цел16 - нет
    :Цел8 - нет
    :Лог - lastMdbCraneState, cmdOpen, newMdbCraneState

:Глобальные массивы

    :Cтр - нет
    :Вещ64 - нет
    :Вещ32 - нет
    :Цел64 - нет
    :Цел32 - нет
    :Цел16 - нет
    :Цел8 - нет
    :Лог - нет

:Локальные массивы

    :Cтр - нет
    :Вещ64 - нет
    :Вещ32 - нет
    :Цел64 - нет
    :Цел32 - нет
    :Цел16 - нет
    :Цел8 - нет
    :Лог - нет

:Глобальные константы

    :Cтр - нет
    :Вещ64 - нет
    :Вещ32 - нет
    :Цел64 - нет
    :Цел32 - нет
    :Цел16 - GIDROLOCK_CRANE_MAX_DELAY_SWITCH_TIME = 1, GIDROLOCK_CRANE_MAX_SWITCH_TIME = 10, 
    :        SENSOR_TYPE_LIGHT = 10, SENSOR_TYPE_TEMP = 11, SENSOR_TYPE_WETNESS = 12, 
    :        STATE_GIDROLOCK_CRANE_AWAIT = 6, STATE_GIDROLOCK_CRANE_CLOSE = 0, 
    :        STATE_GIDROLOCK_CRANE_CLOSES = 4, STATE_GIDROLOCK_CRANE_ERROR = 3, 
    :        STATE_GIDROLOCK_CRANE_OPEN = 1, STATE_GIDROLOCK_CRANE_OPENS = 5, 
    :        STATE_GIDROLOCK_CRANE_UNDEFINED = 2
    :Цел8 - нет
    :Лог - CMD_GIDROLOCK_CRANE_CLOSE = 0, CMD_GIDROLOCK_CRANE_OPEN = 1, FALSE = 0, TRUE = 1

:Локальные константы

    :Cтр - нет
    :Вещ64 - нет
    :Вещ32 - нет
    :Цел64 - нет
    :Цел32 - нет
    :Цел16 - нет
    :Цел8 - нет
    :Лог - нет

:***************************************************************************************************
