:***************************************************************************************************

:Программа Main

:Общая статистика

    :Всего переменных БД - 2
    :Всего переменных ВА - 0
    :Всего переменных АВ - 0
    :Всего переменных ВД - 0
    :Всего переменных ДВ - 0
    :Всего переменных РВ - 2
    :Всего внутренних переменных - 0
    :Всего переменных ПВ - 0
    :Всего переменных ПЦ - 0
    :Всего переменных ПЛ - 0
    :Всего переменных ТС - 0
    :Всего переменных ТМ - 0
    :Всего переменных ТЧ - 0
    :Всего глобальных переменных - 0
    :Всего локальных переменных - 0
    :Всего глобальных массивов - 0
    :Всего локальных массивов - 0
    :Всего глобальных констант - 9
    :Всего локальных констант - 0
    :Всего последовательностей - 0
    :Всего вызовов процедур - 4
    :Всего вызовов функций - 2

:Переменные БД

    :ВА - нет
    :АВ - нет
    :ВД - нет
    :ДВ - нет
    :РВ - 1, 25

:Внутренние переменные

    :ПВ - нет
    :ПЦ - нет
    :ПЛ - нет
    :ТС - нет
    :ТМ - нет
    :ТЧ - нет

:Глобальные переменные

    :Cтр - нет
    :Вещ64 - нет
    :Вещ32 - нет
    :Цел64 - нет
    :Цел32 - нет
    :Цел16 - нет
    :Цел8 - нет
    :Лог - нет

:Локальные переменные

    :Cтр - нет
    :Вещ64 - нет
    :Вещ32 - нет
    :Цел64 - нет
    :Цел32 - нет
    :Цел16 - нет
    :Цел8 - нет
    :Лог - нет

:Глобальные массивы

    :Cтр - нет
    :Вещ64 - нет
    :Вещ32 - нет
    :Цел64 - нет
    :Цел32 - нет
    :Цел16 - нет
    :Цел8 - нет
    :Лог - нет

:Локальные массивы

    :Cтр - нет
    :Вещ64 - нет
    :Вещ32 - нет
    :Цел64 - нет
    :Цел32 - нет
    :Цел16 - нет
    :Цел8 - нет
    :Лог - нет

:Глобальные константы

    :Cтр - нет
    :Вещ64 - нет
    :Вещ32 - нет
    :Цел64 - нет
    :Цел32 - нет
    :Цел16 - GIDROLOCK_CRANE_CLOSE = 0, GIDROLOCK_CRANE_ERROR = 3, GIDROLOCK_CRANE_OPEN = 1, 
    :        GIDROLOCK_CRANE_UNDEFINED = 2, SENSOR_TYPE_LIGHT = 10, SENSOR_TYPE_TEMP = 11, 
    :        SENSOR_TYPE_WETNESS = 12
    :Цел8 - нет
    :Лог - CMD_GIDROLOCK_CRANE_CLOSE = 0, CMD_GIDROLOCK_CRANE_OPEN = 1

:Локальные константы

    :Cтр - нет
    :Вещ64 - нет
    :Вещ32 - нет
    :Цел64 - нет
    :Цел32 - нет
    :Цел16 - нет
    :Цел8 - нет
    :Лог - нет

:Вызовы процедур

    :Gidrolock_Monitoring
    :Gidrolock_OpcControl
    :Initialization_OnReboot
    :Msu24_Monitoring

:Вызовы функций

    :Gidrolock_CmdClose
    :Gidrolock_CmdOpen

:***************************************************************************************************

:Процедура Gidrolock_InitOnReboot

:Общая статистика

    :Всего переменных БД - 1
    :Всего переменных ВА - 0
    :Всего переменных АВ - 0
    :Всего переменных ВД - 0
    :Всего переменных ДВ - 0
    :Всего переменных РВ - 1
    :Всего внутренних переменных - 2
    :Всего переменных ПВ - 0
    :Всего переменных ПЦ - 0
    :Всего переменных ПЛ - 2
    :Всего переменных ТС - 0
    :Всего переменных ТМ - 0
    :Всего переменных ТЧ - 0
    :Всего глобальных переменных - 0
    :Всего локальных переменных - 2
    :Всего глобальных массивов - 0
    :Всего локальных массивов - 0
    :Всего глобальных констант - 9
    :Всего локальных констант - 0
    :Всего последовательностей - 3
    :Всего вызовов процедур - 0
    :Всего вызовов функций - 2

:Переменные БД

    :ВА - нет
    :АВ - нет
    :ВД - нет
    :ДВ - нет
    :РВ - 8

:Внутренние переменные

    :ПВ - нет
    :ПЦ - нет
    :ПЛ - 13, 14
    :ТС - нет
    :ТМ - нет
    :ТЧ - нет

:Глобальные переменные

    :Cтр - нет
    :Вещ64 - нет
    :Вещ32 - нет
    :Цел64 - нет
    :Цел32 - нет
    :Цел16 - нет
    :Цел8 - нет
    :Лог - нет

:Локальные переменные

    :Cтр - нет
    :Вещ64 - нет
    :Вещ32 - нет
    :Цел64 - нет
    :Цел32 - нет
    :Цел16 - нет
    :Цел8 - нет
    :Лог - openCrane, closeCrane

:Глобальные массивы

    :Cтр - нет
    :Вещ64 - нет
    :Вещ32 - нет
    :Цел64 - нет
    :Цел32 - нет
    :Цел16 - нет
    :Цел8 - нет
    :Лог - нет

:Локальные массивы

    :Cтр - нет
    :Вещ64 - нет
    :Вещ32 - нет
    :Цел64 - нет
    :Цел32 - нет
    :Цел16 - нет
    :Цел8 - нет
    :Лог - нет

:Глобальные константы

    :Cтр - нет
    :Вещ64 - нет
    :Вещ32 - нет
    :Цел64 - нет
    :Цел32 - нет
    :Цел16 - GIDROLOCK_CRANE_CLOSE = 0, GIDROLOCK_CRANE_ERROR = 3, GIDROLOCK_CRANE_OPEN = 1, 
    :        GIDROLOCK_CRANE_UNDEFINED = 2, SENSOR_TYPE_LIGHT = 10, SENSOR_TYPE_TEMP = 11, 
    :        SENSOR_TYPE_WETNESS = 12
    :Цел8 - нет
    :Лог - CMD_GIDROLOCK_CRANE_CLOSE = 0, CMD_GIDROLOCK_CRANE_OPEN = 1

:Локальные константы

    :Cтр - нет
    :Вещ64 - нет
    :Вещ32 - нет
    :Цел64 - нет
    :Цел32 - нет
    :Цел16 - нет
    :Цел8 - нет
    :Лог - нет

:Последовательности

    :Имена - iMdbGidrolockCraneWireOpen, iMdbGidrolockCraneWireClose, iOpcGidrolockCraneCmd
    :iMdbGidrolockCraneWireOpen - [ 13 ] всего элементов 1, iMdbGidrolockCraneWireClose - [ 14 ] 
    :                              всего элементов 1, iOpcGidrolockCraneCmd - [ 8 ] всего элементов 
    :                        1

:Вызовы функций

    :Decoder_GetGidrolockCraneState
    :цв

:***************************************************************************************************

:Процедура Gidrolock_Monitoring

:Общая статистика

    :Всего переменных БД - 2
    :Всего переменных ВА - 0
    :Всего переменных АВ - 0
    :Всего переменных ВД - 0
    :Всего переменных ДВ - 0
    :Всего переменных РВ - 2
    :Всего внутренних переменных - 3
    :Всего переменных ПВ - 0
    :Всего переменных ПЦ - 0
    :Всего переменных ПЛ - 3
    :Всего переменных ТС - 0
    :Всего переменных ТМ - 0
    :Всего переменных ТЧ - 0
    :Всего глобальных переменных - 0
    :Всего локальных переменных - 3
    :Всего глобальных массивов - 0
    :Всего локальных массивов - 0
    :Всего глобальных констант - 9
    :Всего локальных констант - 0
    :Всего последовательностей - 5
    :Всего вызовов процедур - 0
    :Всего вызовов функций - 3

:Переменные БД

    :ВА - нет
    :АВ - нет
    :ВД - нет
    :ДВ - нет
    :РВ - 7, 9

:Внутренние переменные

    :ПВ - нет
    :ПЦ - нет
    :ПЛ - 13, 14, 21
    :ТС - нет
    :ТМ - нет
    :ТЧ - нет

:Глобальные переменные

    :Cтр - нет
    :Вещ64 - нет
    :Вещ32 - нет
    :Цел64 - нет
    :Цел32 - нет
    :Цел16 - нет
    :Цел8 - нет
    :Лог - нет

:Локальные переменные

    :Cтр - нет
    :Вещ64 - нет
    :Вещ32 - нет
    :Цел64 - нет
    :Цел32 - нет
    :Цел16 - craneState
    :Цел8 - нет
    :Лог - openCrane, closeCrane

:Глобальные массивы

    :Cтр - нет
    :Вещ64 - нет
    :Вещ32 - нет
    :Цел64 - нет
    :Цел32 - нет
    :Цел16 - нет
    :Цел8 - нет
    :Лог - нет

:Локальные массивы

    :Cтр - нет
    :Вещ64 - нет
    :Вещ32 - нет
    :Цел64 - нет
    :Цел32 - нет
    :Цел16 - нет
    :Цел8 - нет
    :Лог - нет

:Глобальные константы

    :Cтр - нет
    :Вещ64 - нет
    :Вещ32 - нет
    :Цел64 - нет
    :Цел32 - нет
    :Цел16 - GIDROLOCK_CRANE_CLOSE = 0, GIDROLOCK_CRANE_ERROR = 3, GIDROLOCK_CRANE_OPEN = 1, 
    :        GIDROLOCK_CRANE_UNDEFINED = 2, SENSOR_TYPE_LIGHT = 10, SENSOR_TYPE_TEMP = 11, 
    :        SENSOR_TYPE_WETNESS = 12
    :Цел8 - нет
    :Лог - CMD_GIDROLOCK_CRANE_CLOSE = 0, CMD_GIDROLOCK_CRANE_OPEN = 1

:Локальные константы

    :Cтр - нет
    :Вещ64 - нет
    :Вещ32 - нет
    :Цел64 - нет
    :Цел32 - нет
    :Цел16 - нет
    :Цел8 - нет
    :Лог - нет

:Последовательности

    :Имена - iOpcIsConnectionGidrolockCrane, iMdbIsConnectionGidrolockCrane, 
    :        iMdbGidrolockCraneWireOpen, iMdbGidrolockCraneWireClose, iOpcGidrolockCraneState
    :iOpcIsConnectionGidrolockCrane - [ 7 ] всего элементов 1, iMdbIsConnectionGidrolockCrane - [ 21
    :                                  ] всего элементов 1, iMdbGidrolockCraneWireOpen - [ 13 ] 
    :                             всего элементов 1, iMdbGidrolockCraneWireClose - [ 14 ] всего 
    :                              элементов 1, iOpcGidrolockCraneState - [ 9 ] всего элементов 1

:Вызовы функций

    :Decoder_GetGidrolockCraneState
    :лв
    :цв

:***************************************************************************************************

:Процедура Gidrolock_OpcControl

:Общая статистика

    :Всего переменных БД - 1
    :Всего переменных ВА - 0
    :Всего переменных АВ - 0
    :Всего переменных ВД - 0
    :Всего переменных ДВ - 0
    :Всего переменных РВ - 1
    :Всего внутренних переменных - 1
    :Всего переменных ПВ - 0
    :Всего переменных ПЦ - 0
    :Всего переменных ПЛ - 1
    :Всего переменных ТС - 0
    :Всего переменных ТМ - 0
    :Всего переменных ТЧ - 0
    :Всего глобальных переменных - 0
    :Всего локальных переменных - 1
    :Всего глобальных массивов - 0
    :Всего локальных массивов - 0
    :Всего глобальных констант - 9
    :Всего локальных констант - 1
    :Всего последовательностей - 2
    :Всего вызовов процедур - 0
    :Всего вызовов функций - 1

:Переменные БД

    :ВА - нет
    :АВ - нет
    :ВД - нет
    :ДВ - нет
    :РВ - 8

:Внутренние переменные

    :ПВ - нет
    :ПЦ - нет
    :ПЛ - 12
    :ТС - нет
    :ТМ - нет
    :ТЧ - нет

:Глобальные переменные

    :Cтр - нет
    :Вещ64 - нет
    :Вещ32 - нет
    :Цел64 - нет
    :Цел32 - нет
    :Цел16 - нет
    :Цел8 - нет
    :Лог - нет

:Локальные переменные

    :Cтр - нет
    :Вещ64 - нет
    :Вещ32 - нет
    :Цел64 - нет
    :Цел32 - нет
    :Цел16 - opcCraneControlCmd
    :Цел8 - нет
    :Лог - нет

:Глобальные массивы

    :Cтр - нет
    :Вещ64 - нет
    :Вещ32 - нет
    :Цел64 - нет
    :Цел32 - нет
    :Цел16 - нет
    :Цел8 - нет
    :Лог - нет

:Локальные массивы

    :Cтр - нет
    :Вещ64 - нет
    :Вещ32 - нет
    :Цел64 - нет
    :Цел32 - нет
    :Цел16 - нет
    :Цел8 - нет
    :Лог - нет

:Глобальные константы

    :Cтр - нет
    :Вещ64 - нет
    :Вещ32 - нет
    :Цел64 - нет
    :Цел32 - нет
    :Цел16 - GIDROLOCK_CRANE_CLOSE = 0, GIDROLOCK_CRANE_ERROR = 3, GIDROLOCK_CRANE_OPEN = 1, 
    :        GIDROLOCK_CRANE_UNDEFINED = 2, SENSOR_TYPE_LIGHT = 10, SENSOR_TYPE_TEMP = 11, 
    :        SENSOR_TYPE_WETNESS = 12
    :Цел8 - нет
    :Лог - CMD_GIDROLOCK_CRANE_CLOSE = 0, CMD_GIDROLOCK_CRANE_OPEN = 1

:Локальные константы

    :Cтр - нет
    :Вещ64 - нет
    :Вещ32 - нет
    :Цел64 - нет
    :Цел32 - нет
    :Цел16 - нет
    :Цел8 - нет
    :Лог - IS_OPEN_CRANE = 1

:Последовательности

    :Имена - iOpcGidrolockCraneCmd, iMdbCraneId
    :iOpcGidrolockCraneCmd - [ 8 ] всего элементов 1, iMdbCraneId - [ 12 ] всего элементов 1

:Вызовы функций

    :вц

:***************************************************************************************************

:Процедура Initialization_OnReboot

:Общая статистика

    :Всего переменных БД - 0
    :Всего переменных ВА - 0
    :Всего переменных АВ - 0
    :Всего переменных ВД - 0
    :Всего переменных ДВ - 0
    :Всего переменных РВ - 0
    :Всего внутренних переменных - 0
    :Всего переменных ПВ - 0
    :Всего переменных ПЦ - 0
    :Всего переменных ПЛ - 0
    :Всего переменных ТС - 0
    :Всего переменных ТМ - 0
    :Всего переменных ТЧ - 0
    :Всего глобальных переменных - 0
    :Всего локальных переменных - 0
    :Всего глобальных массивов - 0
    :Всего локальных массивов - 0
    :Всего глобальных констант - 9
    :Всего локальных констант - 0
    :Всего последовательностей - 0
    :Всего вызовов процедур - 1
    :Всего вызовов функций - 0

:Переменные БД

    :ВА - нет
    :АВ - нет
    :ВД - нет
    :ДВ - нет
    :РВ - нет

:Внутренние переменные

    :ПВ - нет
    :ПЦ - нет
    :ПЛ - нет
    :ТС - нет
    :ТМ - нет
    :ТЧ - нет

:Глобальные переменные

    :Cтр - нет
    :Вещ64 - нет
    :Вещ32 - нет
    :Цел64 - нет
    :Цел32 - нет
    :Цел16 - нет
    :Цел8 - нет
    :Лог - нет

:Локальные переменные

    :Cтр - нет
    :Вещ64 - нет
    :Вещ32 - нет
    :Цел64 - нет
    :Цел32 - нет
    :Цел16 - нет
    :Цел8 - нет
    :Лог - нет

:Глобальные массивы

    :Cтр - нет
    :Вещ64 - нет
    :Вещ32 - нет
    :Цел64 - нет
    :Цел32 - нет
    :Цел16 - нет
    :Цел8 - нет
    :Лог - нет

:Локальные массивы

    :Cтр - нет
    :Вещ64 - нет
    :Вещ32 - нет
    :Цел64 - нет
    :Цел32 - нет
    :Цел16 - нет
    :Цел8 - нет
    :Лог - нет

:Глобальные константы

    :Cтр - нет
    :Вещ64 - нет
    :Вещ32 - нет
    :Цел64 - нет
    :Цел32 - нет
    :Цел16 - GIDROLOCK_CRANE_CLOSE = 0, GIDROLOCK_CRANE_ERROR = 3, GIDROLOCK_CRANE_OPEN = 1, 
    :        GIDROLOCK_CRANE_UNDEFINED = 2, SENSOR_TYPE_LIGHT = 10, SENSOR_TYPE_TEMP = 11, 
    :        SENSOR_TYPE_WETNESS = 12
    :Цел8 - нет
    :Лог - CMD_GIDROLOCK_CRANE_CLOSE = 0, CMD_GIDROLOCK_CRANE_OPEN = 1

:Локальные константы

    :Cтр - нет
    :Вещ64 - нет
    :Вещ32 - нет
    :Цел64 - нет
    :Цел32 - нет
    :Цел16 - нет
    :Цел8 - нет
    :Лог - нет

:Вызовы процедур

    :Gidrolock_InitOnReboot

:***************************************************************************************************

:Процедура Msu24_Monitoring

:Общая статистика

    :Всего переменных БД - 4
    :Всего переменных ВА - 0
    :Всего переменных АВ - 0
    :Всего переменных ВД - 0
    :Всего переменных ДВ - 0
    :Всего переменных РВ - 4
    :Всего внутренних переменных - 4
    :Всего переменных ПВ - 0
    :Всего переменных ПЦ - 3
    :Всего переменных ПЛ - 1
    :Всего переменных ТС - 0
    :Всего переменных ТМ - 0
    :Всего переменных ТЧ - 0
    :Всего глобальных переменных - 0
    :Всего локальных переменных - 0
    :Всего глобальных массивов - 0
    :Всего локальных массивов - 0
    :Всего глобальных констант - 9
    :Всего локальных констант - 0
    :Всего последовательностей - 4
    :Всего вызовов процедур - 0
    :Всего вызовов функций - 2

:Переменные БД

    :ВА - нет
    :АВ - нет
    :ВД - нет
    :ДВ - нет
    :РВ - 3...6

:Внутренние переменные

    :ПВ - нет
    :ПЦ - 10...12
    :ПЛ - 20
    :ТС - нет
    :ТМ - нет
    :ТЧ - нет

:Глобальные переменные

    :Cтр - нет
    :Вещ64 - нет
    :Вещ32 - нет
    :Цел64 - нет
    :Цел32 - нет
    :Цел16 - нет
    :Цел8 - нет
    :Лог - нет

:Локальные переменные

    :Cтр - нет
    :Вещ64 - нет
    :Вещ32 - нет
    :Цел64 - нет
    :Цел32 - нет
    :Цел16 - нет
    :Цел8 - нет
    :Лог - нет

:Глобальные массивы

    :Cтр - нет
    :Вещ64 - нет
    :Вещ32 - нет
    :Цел64 - нет
    :Цел32 - нет
    :Цел16 - нет
    :Цел8 - нет
    :Лог - нет

:Локальные массивы

    :Cтр - нет
    :Вещ64 - нет
    :Вещ32 - нет
    :Цел64 - нет
    :Цел32 - нет
    :Цел16 - нет
    :Цел8 - нет
    :Лог - нет

:Глобальные константы

    :Cтр - нет
    :Вещ64 - нет
    :Вещ32 - нет
    :Цел64 - нет
    :Цел32 - нет
    :Цел16 - GIDROLOCK_CRANE_CLOSE = 0, GIDROLOCK_CRANE_ERROR = 3, GIDROLOCK_CRANE_OPEN = 1, 
    :        GIDROLOCK_CRANE_UNDEFINED = 2, SENSOR_TYPE_LIGHT = 10, SENSOR_TYPE_TEMP = 11, 
    :        SENSOR_TYPE_WETNESS = 12
    :Цел8 - нет
    :Лог - CMD_GIDROLOCK_CRANE_CLOSE = 0, CMD_GIDROLOCK_CRANE_OPEN = 1

:Локальные константы

    :Cтр - нет
    :Вещ64 - нет
    :Вещ32 - нет
    :Цел64 - нет
    :Цел32 - нет
    :Цел16 - нет
    :Цел8 - нет
    :Лог - нет

:Последовательности

    :Имена - iMdbPcSensorValue, iOpcSensorValue, iOpcIsConnectionMsu24, iMdbIsConnectionMsu24
    :iMdbPcSensorValue - [ 10...12 ] всего элементов 3, iOpcSensorValue - [ 3...5 ] всего элементов 
    :                  3, iOpcIsConnectionMsu24 - [ 6 ] всего элементов 1, iMdbIsConnectionMsu24 - 
    :                        [ 20 ] всего элементов 1

:Вызовы функций

    :лв
    :цв

:***************************************************************************************************

:Функция Decoder_GetGidrolockCraneState

:Общая статистика

    :Всего переменных БД - 0
    :Всего переменных ВА - 0
    :Всего переменных АВ - 0
    :Всего переменных ВД - 0
    :Всего переменных ДВ - 0
    :Всего переменных РВ - 0
    :Всего внутренних переменных - 0
    :Всего переменных ПВ - 0
    :Всего переменных ПЦ - 0
    :Всего переменных ПЛ - 0
    :Всего переменных ТС - 0
    :Всего переменных ТМ - 0
    :Всего переменных ТЧ - 0
    :Всего глобальных переменных - 0
    :Всего локальных переменных - 3
    :Всего глобальных массивов - 0
    :Всего локальных массивов - 0
    :Всего глобальных констант - 9
    :Всего локальных констант - 0
    :Всего последовательностей - 0
    :Всего вызовов процедур - 0
    :Всего вызовов функций - 0

:Переменные БД

    :ВА - нет
    :АВ - нет
    :ВД - нет
    :ДВ - нет
    :РВ - нет

:Внутренние переменные

    :ПВ - нет
    :ПЦ - нет
    :ПЛ - нет
    :ТС - нет
    :ТМ - нет
    :ТЧ - нет

:Глобальные переменные

    :Cтр - нет
    :Вещ64 - нет
    :Вещ32 - нет
    :Цел64 - нет
    :Цел32 - нет
    :Цел16 - нет
    :Цел8 - нет
    :Лог - нет

:Локальные переменные

    :Cтр - нет
    :Вещ64 - нет
    :Вещ32 - нет
    :Цел64 - нет
    :Цел32 - нет
    :Цел16 - craneState
    :Цел8 - нет
    :Лог - isWireOpen, isWireClose

:Глобальные массивы

    :Cтр - нет
    :Вещ64 - нет
    :Вещ32 - нет
    :Цел64 - нет
    :Цел32 - нет
    :Цел16 - нет
    :Цел8 - нет
    :Лог - нет

:Локальные массивы

    :Cтр - нет
    :Вещ64 - нет
    :Вещ32 - нет
    :Цел64 - нет
    :Цел32 - нет
    :Цел16 - нет
    :Цел8 - нет
    :Лог - нет

:Глобальные константы

    :Cтр - нет
    :Вещ64 - нет
    :Вещ32 - нет
    :Цел64 - нет
    :Цел32 - нет
    :Цел16 - GIDROLOCK_CRANE_CLOSE = 0, GIDROLOCK_CRANE_ERROR = 3, GIDROLOCK_CRANE_OPEN = 1, 
    :        GIDROLOCK_CRANE_UNDEFINED = 2, SENSOR_TYPE_LIGHT = 10, SENSOR_TYPE_TEMP = 11, 
    :        SENSOR_TYPE_WETNESS = 12
    :Цел8 - нет
    :Лог - CMD_GIDROLOCK_CRANE_CLOSE = 0, CMD_GIDROLOCK_CRANE_OPEN = 1

:Локальные константы

    :Cтр - нет
    :Вещ64 - нет
    :Вещ32 - нет
    :Цел64 - нет
    :Цел32 - нет
    :Цел16 - нет
    :Цел8 - нет
    :Лог - нет

:***************************************************************************************************

:Функция Gidrolock_CmdClose

:Общая статистика

    :Всего переменных БД - 0
    :Всего переменных ВА - 0
    :Всего переменных АВ - 0
    :Всего переменных ВД - 0
    :Всего переменных ДВ - 0
    :Всего переменных РВ - 0
    :Всего внутренних переменных - 1
    :Всего переменных ПВ - 0
    :Всего переменных ПЦ - 0
    :Всего переменных ПЛ - 1
    :Всего переменных ТС - 0
    :Всего переменных ТМ - 0
    :Всего переменных ТЧ - 0
    :Всего глобальных переменных - 0
    :Всего локальных переменных - 1
    :Всего глобальных массивов - 0
    :Всего локальных массивов - 0
    :Всего глобальных констант - 9
    :Всего локальных констант - 0
    :Всего последовательностей - 2
    :Всего вызовов процедур - 0
    :Всего вызовов функций - 0

:Переменные БД

    :ВА - нет
    :АВ - нет
    :ВД - нет
    :ДВ - нет
    :РВ - нет

:Внутренние переменные

    :ПВ - нет
    :ПЦ - нет
    :ПЛ - 12
    :ТС - нет
    :ТМ - нет
    :ТЧ - нет

:Глобальные переменные

    :Cтр - нет
    :Вещ64 - нет
    :Вещ32 - нет
    :Цел64 - нет
    :Цел32 - нет
    :Цел16 - нет
    :Цел8 - нет
    :Лог - нет

:Локальные переменные

    :Cтр - нет
    :Вещ64 - нет
    :Вещ32 - нет
    :Цел64 - нет
    :Цел32 - нет
    :Цел16 - gidrolockCraneId
    :Цел8 - нет
    :Лог - нет

:Глобальные массивы

    :Cтр - нет
    :Вещ64 - нет
    :Вещ32 - нет
    :Цел64 - нет
    :Цел32 - нет
    :Цел16 - нет
    :Цел8 - нет
    :Лог - нет

:Локальные массивы

    :Cтр - нет
    :Вещ64 - нет
    :Вещ32 - нет
    :Цел64 - нет
    :Цел32 - нет
    :Цел16 - нет
    :Цел8 - нет
    :Лог - нет

:Глобальные константы

    :Cтр - нет
    :Вещ64 - нет
    :Вещ32 - нет
    :Цел64 - нет
    :Цел32 - нет
    :Цел16 - GIDROLOCK_CRANE_CLOSE = 0, GIDROLOCK_CRANE_ERROR = 3, GIDROLOCK_CRANE_OPEN = 1, 
    :        GIDROLOCK_CRANE_UNDEFINED = 2, SENSOR_TYPE_LIGHT = 10, SENSOR_TYPE_TEMP = 11, 
    :        SENSOR_TYPE_WETNESS = 12
    :Цел8 - нет
    :Лог - CMD_GIDROLOCK_CRANE_CLOSE = 0, CMD_GIDROLOCK_CRANE_OPEN = 1

:Локальные константы

    :Cтр - нет
    :Вещ64 - нет
    :Вещ32 - нет
    :Цел64 - нет
    :Цел32 - нет
    :Цел16 - нет
    :Цел8 - нет
    :Лог - нет

:Последовательности

    :Имена - iGidrolockCraneId, iMdbCraneId
    :iGidrolockCraneId - [ 1 ] всего элементов 1, iMdbCraneId - [ 12 ] всего элементов 1

:***************************************************************************************************

:Функция Gidrolock_CmdOpen

:Общая статистика

    :Всего переменных БД - 0
    :Всего переменных ВА - 0
    :Всего переменных АВ - 0
    :Всего переменных ВД - 0
    :Всего переменных ДВ - 0
    :Всего переменных РВ - 0
    :Всего внутренних переменных - 1
    :Всего переменных ПВ - 0
    :Всего переменных ПЦ - 0
    :Всего переменных ПЛ - 1
    :Всего переменных ТС - 0
    :Всего переменных ТМ - 0
    :Всего переменных ТЧ - 0
    :Всего глобальных переменных - 0
    :Всего локальных переменных - 1
    :Всего глобальных массивов - 0
    :Всего локальных массивов - 0
    :Всего глобальных констант - 9
    :Всего локальных констант - 0
    :Всего последовательностей - 2
    :Всего вызовов процедур - 0
    :Всего вызовов функций - 0

:Переменные БД

    :ВА - нет
    :АВ - нет
    :ВД - нет
    :ДВ - нет
    :РВ - нет

:Внутренние переменные

    :ПВ - нет
    :ПЦ - нет
    :ПЛ - 12
    :ТС - нет
    :ТМ - нет
    :ТЧ - нет

:Глобальные переменные

    :Cтр - нет
    :Вещ64 - нет
    :Вещ32 - нет
    :Цел64 - нет
    :Цел32 - нет
    :Цел16 - нет
    :Цел8 - нет
    :Лог - нет

:Локальные переменные

    :Cтр - нет
    :Вещ64 - нет
    :Вещ32 - нет
    :Цел64 - нет
    :Цел32 - нет
    :Цел16 - gidrolockCraneId
    :Цел8 - нет
    :Лог - нет

:Глобальные массивы

    :Cтр - нет
    :Вещ64 - нет
    :Вещ32 - нет
    :Цел64 - нет
    :Цел32 - нет
    :Цел16 - нет
    :Цел8 - нет
    :Лог - нет

:Локальные массивы

    :Cтр - нет
    :Вещ64 - нет
    :Вещ32 - нет
    :Цел64 - нет
    :Цел32 - нет
    :Цел16 - нет
    :Цел8 - нет
    :Лог - нет

:Глобальные константы

    :Cтр - нет
    :Вещ64 - нет
    :Вещ32 - нет
    :Цел64 - нет
    :Цел32 - нет
    :Цел16 - GIDROLOCK_CRANE_CLOSE = 0, GIDROLOCK_CRANE_ERROR = 3, GIDROLOCK_CRANE_OPEN = 1, 
    :        GIDROLOCK_CRANE_UNDEFINED = 2, SENSOR_TYPE_LIGHT = 10, SENSOR_TYPE_TEMP = 11, 
    :        SENSOR_TYPE_WETNESS = 12
    :Цел8 - нет
    :Лог - CMD_GIDROLOCK_CRANE_CLOSE = 0, CMD_GIDROLOCK_CRANE_OPEN = 1

:Локальные константы

    :Cтр - нет
    :Вещ64 - нет
    :Вещ32 - нет
    :Цел64 - нет
    :Цел32 - нет
    :Цел16 - нет
    :Цел8 - нет
    :Лог - нет

:Последовательности

    :Имена - iGidrolockCraneId, iMdbCraneId
    :iGidrolockCraneId - [ 1 ] всего элементов 1, iMdbCraneId - [ 12 ] всего элементов 1

:***************************************************************************************************

:Функция Gidrolock_GetState

:Общая статистика

    :Всего переменных БД - 0
    :Всего переменных ВА - 0
    :Всего переменных АВ - 0
    :Всего переменных ВД - 0
    :Всего переменных ДВ - 0
    :Всего переменных РВ - 0
    :Всего внутренних переменных - 2
    :Всего переменных ПВ - 0
    :Всего переменных ПЦ - 0
    :Всего переменных ПЛ - 2
    :Всего переменных ТС - 0
    :Всего переменных ТМ - 0
    :Всего переменных ТЧ - 0
    :Всего глобальных переменных - 0
    :Всего локальных переменных - 2
    :Всего глобальных массивов - 0
    :Всего локальных массивов - 0
    :Всего глобальных констант - 9
    :Всего локальных констант - 0
    :Всего последовательностей - 3
    :Всего вызовов процедур - 0
    :Всего вызовов функций - 1

:Переменные БД

    :ВА - нет
    :АВ - нет
    :ВД - нет
    :ДВ - нет
    :РВ - нет

:Внутренние переменные

    :ПВ - нет
    :ПЦ - нет
    :ПЛ - 13, 14
    :ТС - нет
    :ТМ - нет
    :ТЧ - нет

:Глобальные переменные

    :Cтр - нет
    :Вещ64 - нет
    :Вещ32 - нет
    :Цел64 - нет
    :Цел32 - нет
    :Цел16 - нет
    :Цел8 - нет
    :Лог - нет

:Локальные переменные

    :Cтр - нет
    :Вещ64 - нет
    :Вещ32 - нет
    :Цел64 - нет
    :Цел32 - нет
    :Цел16 - gidrolockCraneId, gidrolockCraneState
    :Цел8 - нет
    :Лог - нет

:Глобальные массивы

    :Cтр - нет
    :Вещ64 - нет
    :Вещ32 - нет
    :Цел64 - нет
    :Цел32 - нет
    :Цел16 - нет
    :Цел8 - нет
    :Лог - нет

:Локальные массивы

    :Cтр - нет
    :Вещ64 - нет
    :Вещ32 - нет
    :Цел64 - нет
    :Цел32 - нет
    :Цел16 - нет
    :Цел8 - нет
    :Лог - нет

:Глобальные константы

    :Cтр - нет
    :Вещ64 - нет
    :Вещ32 - нет
    :Цел64 - нет
    :Цел32 - нет
    :Цел16 - GIDROLOCK_CRANE_CLOSE = 0, GIDROLOCK_CRANE_ERROR = 3, GIDROLOCK_CRANE_OPEN = 1, 
    :        GIDROLOCK_CRANE_UNDEFINED = 2, SENSOR_TYPE_LIGHT = 10, SENSOR_TYPE_TEMP = 11, 
    :        SENSOR_TYPE_WETNESS = 12
    :Цел8 - нет
    :Лог - CMD_GIDROLOCK_CRANE_CLOSE = 0, CMD_GIDROLOCK_CRANE_OPEN = 1

:Локальные константы

    :Cтр - нет
    :Вещ64 - нет
    :Вещ32 - нет
    :Цел64 - нет
    :Цел32 - нет
    :Цел16 - нет
    :Цел8 - нет
    :Лог - нет

:Последовательности

    :Имена - iGidrolockCraneId, iMdbCraneOpenWire, iMdbCraneCloseWire
    :iGidrolockCraneId - [ 1 ] всего элементов 1, iMdbCraneOpenWire - [ 13 ] всего элементов 1, 
    :                    iMdbCraneCloseWire - [ 14 ] всего элементов 1

:Вызовы функций

    :Decoder_GetGidrolockCraneState

:***************************************************************************************************

:Функция Gidrolock_IsClosed

:Общая статистика

    :Всего переменных БД - 0
    :Всего переменных ВА - 0
    :Всего переменных АВ - 0
    :Всего переменных ВД - 0
    :Всего переменных ДВ - 0
    :Всего переменных РВ - 0
    :Всего внутренних переменных - 2
    :Всего переменных ПВ - 0
    :Всего переменных ПЦ - 0
    :Всего переменных ПЛ - 2
    :Всего переменных ТС - 0
    :Всего переменных ТМ - 0
    :Всего переменных ТЧ - 0
    :Всего глобальных переменных - 0
    :Всего локальных переменных - 3
    :Всего глобальных массивов - 0
    :Всего локальных массивов - 0
    :Всего глобальных констант - 9
    :Всего локальных констант - 0
    :Всего последовательностей - 3
    :Всего вызовов процедур - 0
    :Всего вызовов функций - 1

:Переменные БД

    :ВА - нет
    :АВ - нет
    :ВД - нет
    :ДВ - нет
    :РВ - нет

:Внутренние переменные

    :ПВ - нет
    :ПЦ - нет
    :ПЛ - 13, 14
    :ТС - нет
    :ТМ - нет
    :ТЧ - нет

:Глобальные переменные

    :Cтр - нет
    :Вещ64 - нет
    :Вещ32 - нет
    :Цел64 - нет
    :Цел32 - нет
    :Цел16 - нет
    :Цел8 - нет
    :Лог - нет

:Локальные переменные

    :Cтр - нет
    :Вещ64 - нет
    :Вещ32 - нет
    :Цел64 - нет
    :Цел32 - нет
    :Цел16 - gidrolockCraneId, craneState
    :Цел8 - нет
    :Лог - isClosedCrane

:Глобальные массивы

    :Cтр - нет
    :Вещ64 - нет
    :Вещ32 - нет
    :Цел64 - нет
    :Цел32 - нет
    :Цел16 - нет
    :Цел8 - нет
    :Лог - нет

:Локальные массивы

    :Cтр - нет
    :Вещ64 - нет
    :Вещ32 - нет
    :Цел64 - нет
    :Цел32 - нет
    :Цел16 - нет
    :Цел8 - нет
    :Лог - нет

:Глобальные константы

    :Cтр - нет
    :Вещ64 - нет
    :Вещ32 - нет
    :Цел64 - нет
    :Цел32 - нет
    :Цел16 - GIDROLOCK_CRANE_CLOSE = 0, GIDROLOCK_CRANE_ERROR = 3, GIDROLOCK_CRANE_OPEN = 1, 
    :        GIDROLOCK_CRANE_UNDEFINED = 2, SENSOR_TYPE_LIGHT = 10, SENSOR_TYPE_TEMP = 11, 
    :        SENSOR_TYPE_WETNESS = 12
    :Цел8 - нет
    :Лог - CMD_GIDROLOCK_CRANE_CLOSE = 0, CMD_GIDROLOCK_CRANE_OPEN = 1

:Локальные константы

    :Cтр - нет
    :Вещ64 - нет
    :Вещ32 - нет
    :Цел64 - нет
    :Цел32 - нет
    :Цел16 - нет
    :Цел8 - нет
    :Лог - нет

:Последовательности

    :Имена - iGidrolockCraneId, iMdbCraneOpenWire, iMdbCraneCloseWire
    :iGidrolockCraneId - [ 1 ] всего элементов 1, iMdbCraneOpenWire - [ 13 ] всего элементов 1, 
    :                    iMdbCraneCloseWire - [ 14 ] всего элементов 1

:Вызовы функций

    :Decoder_GetGidrolockCraneState

:***************************************************************************************************

:Функция Gidrolock_IsOpened

:Общая статистика

    :Всего переменных БД - 0
    :Всего переменных ВА - 0
    :Всего переменных АВ - 0
    :Всего переменных ВД - 0
    :Всего переменных ДВ - 0
    :Всего переменных РВ - 0
    :Всего внутренних переменных - 2
    :Всего переменных ПВ - 0
    :Всего переменных ПЦ - 0
    :Всего переменных ПЛ - 2
    :Всего переменных ТС - 0
    :Всего переменных ТМ - 0
    :Всего переменных ТЧ - 0
    :Всего глобальных переменных - 0
    :Всего локальных переменных - 3
    :Всего глобальных массивов - 0
    :Всего локальных массивов - 0
    :Всего глобальных констант - 9
    :Всего локальных констант - 0
    :Всего последовательностей - 3
    :Всего вызовов процедур - 0
    :Всего вызовов функций - 1

:Переменные БД

    :ВА - нет
    :АВ - нет
    :ВД - нет
    :ДВ - нет
    :РВ - нет

:Внутренние переменные

    :ПВ - нет
    :ПЦ - нет
    :ПЛ - 13, 14
    :ТС - нет
    :ТМ - нет
    :ТЧ - нет

:Глобальные переменные

    :Cтр - нет
    :Вещ64 - нет
    :Вещ32 - нет
    :Цел64 - нет
    :Цел32 - нет
    :Цел16 - нет
    :Цел8 - нет
    :Лог - нет

:Локальные переменные

    :Cтр - нет
    :Вещ64 - нет
    :Вещ32 - нет
    :Цел64 - нет
    :Цел32 - нет
    :Цел16 - gidrolockCraneId, craneState
    :Цел8 - нет
    :Лог - isOpenedCrane

:Глобальные массивы

    :Cтр - нет
    :Вещ64 - нет
    :Вещ32 - нет
    :Цел64 - нет
    :Цел32 - нет
    :Цел16 - нет
    :Цел8 - нет
    :Лог - нет

:Локальные массивы

    :Cтр - нет
    :Вещ64 - нет
    :Вещ32 - нет
    :Цел64 - нет
    :Цел32 - нет
    :Цел16 - нет
    :Цел8 - нет
    :Лог - нет

:Глобальные константы

    :Cтр - нет
    :Вещ64 - нет
    :Вещ32 - нет
    :Цел64 - нет
    :Цел32 - нет
    :Цел16 - GIDROLOCK_CRANE_CLOSE = 0, GIDROLOCK_CRANE_ERROR = 3, GIDROLOCK_CRANE_OPEN = 1, 
    :        GIDROLOCK_CRANE_UNDEFINED = 2, SENSOR_TYPE_LIGHT = 10, SENSOR_TYPE_TEMP = 11, 
    :        SENSOR_TYPE_WETNESS = 12
    :Цел8 - нет
    :Лог - CMD_GIDROLOCK_CRANE_CLOSE = 0, CMD_GIDROLOCK_CRANE_OPEN = 1

:Локальные константы

    :Cтр - нет
    :Вещ64 - нет
    :Вещ32 - нет
    :Цел64 - нет
    :Цел32 - нет
    :Цел16 - нет
    :Цел8 - нет
    :Лог - нет

:Последовательности

    :Имена - iGidrolockCraneId, iMdbCraneOpenWire, iMdbCraneCloseWire
    :iGidrolockCraneId - [ 1 ] всего элементов 1, iMdbCraneOpenWire - [ 13 ] всего элементов 1, 
    :                    iMdbCraneCloseWire - [ 14 ] всего элементов 1

:Вызовы функций

    :Decoder_GetGidrolockCraneState

:***************************************************************************************************

:Функция Msu24_GetIlluminationValue

:Общая статистика

    :Всего переменных БД - 0
    :Всего переменных ВА - 0
    :Всего переменных АВ - 0
    :Всего переменных ВД - 0
    :Всего переменных ДВ - 0
    :Всего переменных РВ - 0
    :Всего внутренних переменных - 1
    :Всего переменных ПВ - 0
    :Всего переменных ПЦ - 1
    :Всего переменных ПЛ - 0
    :Всего переменных ТС - 0
    :Всего переменных ТМ - 0
    :Всего переменных ТЧ - 0
    :Всего глобальных переменных - 0
    :Всего локальных переменных - 2
    :Всего глобальных массивов - 0
    :Всего локальных массивов - 0
    :Всего глобальных констант - 9
    :Всего локальных констант - 0
    :Всего последовательностей - 2
    :Всего вызовов процедур - 0
    :Всего вызовов функций - 0

:Переменные БД

    :ВА - нет
    :АВ - нет
    :ВД - нет
    :ДВ - нет
    :РВ - нет

:Внутренние переменные

    :ПВ - нет
    :ПЦ - 11
    :ПЛ - нет
    :ТС - нет
    :ТМ - нет
    :ТЧ - нет

:Глобальные переменные

    :Cтр - нет
    :Вещ64 - нет
    :Вещ32 - нет
    :Цел64 - нет
    :Цел32 - нет
    :Цел16 - нет
    :Цел8 - нет
    :Лог - нет

:Локальные переменные

    :Cтр - нет
    :Вещ64 - нет
    :Вещ32 - нет
    :Цел64 - нет
    :Цел32 - нет
    :Цел16 - msuId, sensorValue
    :Цел8 - нет
    :Лог - нет

:Глобальные массивы

    :Cтр - нет
    :Вещ64 - нет
    :Вещ32 - нет
    :Цел64 - нет
    :Цел32 - нет
    :Цел16 - нет
    :Цел8 - нет
    :Лог - нет

:Локальные массивы

    :Cтр - нет
    :Вещ64 - нет
    :Вещ32 - нет
    :Цел64 - нет
    :Цел32 - нет
    :Цел16 - нет
    :Цел8 - нет
    :Лог - нет

:Глобальные константы

    :Cтр - нет
    :Вещ64 - нет
    :Вещ32 - нет
    :Цел64 - нет
    :Цел32 - нет
    :Цел16 - GIDROLOCK_CRANE_CLOSE = 0, GIDROLOCK_CRANE_ERROR = 3, GIDROLOCK_CRANE_OPEN = 1, 
    :        GIDROLOCK_CRANE_UNDEFINED = 2, SENSOR_TYPE_LIGHT = 10, SENSOR_TYPE_TEMP = 11, 
    :        SENSOR_TYPE_WETNESS = 12
    :Цел8 - нет
    :Лог - CMD_GIDROLOCK_CRANE_CLOSE = 0, CMD_GIDROLOCK_CRANE_OPEN = 1

:Локальные константы

    :Cтр - нет
    :Вещ64 - нет
    :Вещ32 - нет
    :Цел64 - нет
    :Цел32 - нет
    :Цел16 - нет
    :Цел8 - нет
    :Лог - нет

:Последовательности

    :Имена - iMsuId, iMdbPcSensorValue
    :iMsuId - [ 1 ] всего элементов 1, iMdbPcSensorValue - [ 11 ] всего элементов 1

:***************************************************************************************************

:Функция Msu24_GetMoistureValue

:Общая статистика

    :Всего переменных БД - 0
    :Всего переменных ВА - 0
    :Всего переменных АВ - 0
    :Всего переменных ВД - 0
    :Всего переменных ДВ - 0
    :Всего переменных РВ - 0
    :Всего внутренних переменных - 1
    :Всего переменных ПВ - 0
    :Всего переменных ПЦ - 1
    :Всего переменных ПЛ - 0
    :Всего переменных ТС - 0
    :Всего переменных ТМ - 0
    :Всего переменных ТЧ - 0
    :Всего глобальных переменных - 0
    :Всего локальных переменных - 2
    :Всего глобальных массивов - 0
    :Всего локальных массивов - 0
    :Всего глобальных констант - 9
    :Всего локальных констант - 0
    :Всего последовательностей - 2
    :Всего вызовов процедур - 0
    :Всего вызовов функций - 0

:Переменные БД

    :ВА - нет
    :АВ - нет
    :ВД - нет
    :ДВ - нет
    :РВ - нет

:Внутренние переменные

    :ПВ - нет
    :ПЦ - 10
    :ПЛ - нет
    :ТС - нет
    :ТМ - нет
    :ТЧ - нет

:Глобальные переменные

    :Cтр - нет
    :Вещ64 - нет
    :Вещ32 - нет
    :Цел64 - нет
    :Цел32 - нет
    :Цел16 - нет
    :Цел8 - нет
    :Лог - нет

:Локальные переменные

    :Cтр - нет
    :Вещ64 - нет
    :Вещ32 - нет
    :Цел64 - нет
    :Цел32 - нет
    :Цел16 - msuId, sensorValue
    :Цел8 - нет
    :Лог - нет

:Глобальные массивы

    :Cтр - нет
    :Вещ64 - нет
    :Вещ32 - нет
    :Цел64 - нет
    :Цел32 - нет
    :Цел16 - нет
    :Цел8 - нет
    :Лог - нет

:Локальные массивы

    :Cтр - нет
    :Вещ64 - нет
    :Вещ32 - нет
    :Цел64 - нет
    :Цел32 - нет
    :Цел16 - нет
    :Цел8 - нет
    :Лог - нет

:Глобальные константы

    :Cтр - нет
    :Вещ64 - нет
    :Вещ32 - нет
    :Цел64 - нет
    :Цел32 - нет
    :Цел16 - GIDROLOCK_CRANE_CLOSE = 0, GIDROLOCK_CRANE_ERROR = 3, GIDROLOCK_CRANE_OPEN = 1, 
    :        GIDROLOCK_CRANE_UNDEFINED = 2, SENSOR_TYPE_LIGHT = 10, SENSOR_TYPE_TEMP = 11, 
    :        SENSOR_TYPE_WETNESS = 12
    :Цел8 - нет
    :Лог - CMD_GIDROLOCK_CRANE_CLOSE = 0, CMD_GIDROLOCK_CRANE_OPEN = 1

:Локальные константы

    :Cтр - нет
    :Вещ64 - нет
    :Вещ32 - нет
    :Цел64 - нет
    :Цел32 - нет
    :Цел16 - нет
    :Цел8 - нет
    :Лог - нет

:Последовательности

    :Имена - iMsuId, iMdbPcSensorValue
    :iMsuId - [ 1 ] всего элементов 1, iMdbPcSensorValue - [ 10 ] всего элементов 1

:***************************************************************************************************

:Функция Msu24_GetTemperatureValue

:Общая статистика

    :Всего переменных БД - 0
    :Всего переменных ВА - 0
    :Всего переменных АВ - 0
    :Всего переменных ВД - 0
    :Всего переменных ДВ - 0
    :Всего переменных РВ - 0
    :Всего внутренних переменных - 1
    :Всего переменных ПВ - 0
    :Всего переменных ПЦ - 1
    :Всего переменных ПЛ - 0
    :Всего переменных ТС - 0
    :Всего переменных ТМ - 0
    :Всего переменных ТЧ - 0
    :Всего глобальных переменных - 0
    :Всего локальных переменных - 2
    :Всего глобальных массивов - 0
    :Всего локальных массивов - 0
    :Всего глобальных констант - 9
    :Всего локальных констант - 0
    :Всего последовательностей - 2
    :Всего вызовов процедур - 0
    :Всего вызовов функций - 0

:Переменные БД

    :ВА - нет
    :АВ - нет
    :ВД - нет
    :ДВ - нет
    :РВ - нет

:Внутренние переменные

    :ПВ - нет
    :ПЦ - 12
    :ПЛ - нет
    :ТС - нет
    :ТМ - нет
    :ТЧ - нет

:Глобальные переменные

    :Cтр - нет
    :Вещ64 - нет
    :Вещ32 - нет
    :Цел64 - нет
    :Цел32 - нет
    :Цел16 - нет
    :Цел8 - нет
    :Лог - нет

:Локальные переменные

    :Cтр - нет
    :Вещ64 - нет
    :Вещ32 - нет
    :Цел64 - нет
    :Цел32 - нет
    :Цел16 - msuId, sensorValue
    :Цел8 - нет
    :Лог - нет

:Глобальные массивы

    :Cтр - нет
    :Вещ64 - нет
    :Вещ32 - нет
    :Цел64 - нет
    :Цел32 - нет
    :Цел16 - нет
    :Цел8 - нет
    :Лог - нет

:Локальные массивы

    :Cтр - нет
    :Вещ64 - нет
    :Вещ32 - нет
    :Цел64 - нет
    :Цел32 - нет
    :Цел16 - нет
    :Цел8 - нет
    :Лог - нет

:Глобальные константы

    :Cтр - нет
    :Вещ64 - нет
    :Вещ32 - нет
    :Цел64 - нет
    :Цел32 - нет
    :Цел16 - GIDROLOCK_CRANE_CLOSE = 0, GIDROLOCK_CRANE_ERROR = 3, GIDROLOCK_CRANE_OPEN = 1, 
    :        GIDROLOCK_CRANE_UNDEFINED = 2, SENSOR_TYPE_LIGHT = 10, SENSOR_TYPE_TEMP = 11, 
    :        SENSOR_TYPE_WETNESS = 12
    :Цел8 - нет
    :Лог - CMD_GIDROLOCK_CRANE_CLOSE = 0, CMD_GIDROLOCK_CRANE_OPEN = 1

:Локальные константы

    :Cтр - нет
    :Вещ64 - нет
    :Вещ32 - нет
    :Цел64 - нет
    :Цел32 - нет
    :Цел16 - нет
    :Цел8 - нет
    :Лог - нет

:Последовательности

    :Имена - iMsuId, iMdbPcSensorValue
    :iMsuId - [ 1 ] всего элементов 1, iMdbPcSensorValue - [ 12 ] всего элементов 1

:***************************************************************************************************
